Component: ARM Compiler 5.06 update 2 (build 183) Tool: armlink [4d35b7]

==============================================================================

Section Cross References

    startup_stm32f10x_hd.o(RESET) refers to startup_stm32f10x_hd.o(STACK) for __initial_sp
    startup_stm32f10x_hd.o(RESET) refers to startup_stm32f10x_hd.o(.text) for Reset_Handler
    startup_stm32f10x_hd.o(RESET) refers to stm32f10x_it.o(i.NMI_Handler) for NMI_Handler
    startup_stm32f10x_hd.o(RESET) refers to stm32f10x_it.o(i.HardFault_Handler) for HardFault_Handler
    startup_stm32f10x_hd.o(RESET) refers to stm32f10x_it.o(i.MemManage_Handler) for MemManage_Handler
    startup_stm32f10x_hd.o(RESET) refers to stm32f10x_it.o(i.BusFault_Handler) for BusFault_Handler
    startup_stm32f10x_hd.o(RESET) refers to stm32f10x_it.o(i.UsageFault_Handler) for UsageFault_Handler
    startup_stm32f10x_hd.o(RESET) refers to stm32f10x_it.o(i.SVC_Handler) for SVC_Handler
    startup_stm32f10x_hd.o(RESET) refers to stm32f10x_it.o(i.DebugMon_Handler) for DebugMon_Handler
    startup_stm32f10x_hd.o(RESET) refers to stm32f10x_it.o(i.PendSV_Handler) for PendSV_Handler
    startup_stm32f10x_hd.o(RESET) refers to stm32f10x_it.o(i.SysTick_Handler) for SysTick_Handler
    startup_stm32f10x_hd.o(RESET) refers to stm32f10x_it.o(i.RTC_IRQHandler) for RTC_IRQHandler
    startup_stm32f10x_hd.o(RESET) refers to stm32f10x_it.o(i.USB_LP_CAN1_RX0_IRQHandler) for USB_LP_CAN1_RX0_IRQHandler
    startup_stm32f10x_hd.o(RESET) refers to bsp_usart.o(i.USART1_IRQHandler) for USART1_IRQHandler
    startup_stm32f10x_hd.o(RESET) refers to stm32f10x_it.o(i.USART3_IRQHandler) for USART3_IRQHandler
    startup_stm32f10x_hd.o(.text) refers to system_stm32f10x.o(i.SystemInit) for SystemInit
    startup_stm32f10x_hd.o(.text) refers to entry.o(.ARM.Collect$$$$00000000) for __main
    main.o(i.main) refers to hw_config.o(i.Set_System) for Set_System
    main.o(i.main) refers to hw_config.o(i.USB_Interrupts_Config) for USB_Interrupts_Config
    main.o(i.main) refers to hw_config.o(i.Set_USBClock) for Set_USBClock
    main.o(i.main) refers to usb_init.o(i.USB_Init) for USB_Init
    main.o(i.main) refers to bsp_key.o(i.BSP_KEY_Init) for BSP_KEY_Init
    main.o(i.main) refers to bsp_led.o(i.BSP_LED_Init) for BSP_LED_Init
    main.o(i.main) refers to usbio.o(i.USB_GetData) for USB_GetData
    main.o(i.main) refers to stm32f10x_gpio.o(i.GPIO_ResetBits) for GPIO_ResetBits
    main.o(i.main) refers to stm32f10x_gpio.o(i.GPIO_SetBits) for GPIO_SetBits
    main.o(i.main) refers to printfb.o(i.__0sprintf$bare) for __2sprintf
    main.o(i.main) refers to usbio.o(i.USB_SendData) for USB_SendData
    main.o(i.main) refers to usb_endp.o(.data) for USB_Received_Flag
    main.o(i.main) refers to main.o(.conststring) for .conststring
    stm32f10x_it.o(i.OTG_FS_WKUP_IRQHandler) refers to usb_pwr.o(i.Resume) for Resume
    stm32f10x_it.o(i.USB_LP_CAN1_RX0_IRQHandler) refers to usb_istr.o(i.USB_Istr) for USB_Istr
    bsp_key.o(i.BSP_KEY_Init) refers to stm32f10x_rcc.o(i.RCC_APB2PeriphClockCmd) for RCC_APB2PeriphClockCmd
    bsp_key.o(i.BSP_KEY_Init) refers to stm32f10x_gpio.o(i.GPIO_Init) for GPIO_Init
    bsp_led.o(i.BSP_LED_Init) refers to stm32f10x_rcc.o(i.RCC_APB2PeriphClockCmd) for RCC_APB2PeriphClockCmd
    bsp_led.o(i.BSP_LED_Init) refers to stm32f10x_gpio.o(i.GPIO_Init) for GPIO_Init
    stm32f10x_flash.o(i.FLASH_EnableWriteProtection) refers to stm32f10x_flash.o(i.FLASH_WaitForLastOperation) for FLASH_WaitForLastOperation
    stm32f10x_flash.o(i.FLASH_EraseAllBank1Pages) refers to stm32f10x_flash.o(i.FLASH_WaitForLastBank1Operation) for FLASH_WaitForLastBank1Operation
    stm32f10x_flash.o(i.FLASH_EraseAllPages) refers to stm32f10x_flash.o(i.FLASH_WaitForLastOperation) for FLASH_WaitForLastOperation
    stm32f10x_flash.o(i.FLASH_EraseOptionBytes) refers to stm32f10x_flash.o(i.FLASH_GetReadOutProtectionStatus) for FLASH_GetReadOutProtectionStatus
    stm32f10x_flash.o(i.FLASH_EraseOptionBytes) refers to stm32f10x_flash.o(i.FLASH_WaitForLastOperation) for FLASH_WaitForLastOperation
    stm32f10x_flash.o(i.FLASH_ErasePage) refers to stm32f10x_flash.o(i.FLASH_WaitForLastOperation) for FLASH_WaitForLastOperation
    stm32f10x_flash.o(i.FLASH_ProgramHalfWord) refers to stm32f10x_flash.o(i.FLASH_WaitForLastOperation) for FLASH_WaitForLastOperation
    stm32f10x_flash.o(i.FLASH_ProgramOptionByteData) refers to stm32f10x_flash.o(i.FLASH_WaitForLastOperation) for FLASH_WaitForLastOperation
    stm32f10x_flash.o(i.FLASH_ProgramWord) refers to stm32f10x_flash.o(i.FLASH_WaitForLastOperation) for FLASH_WaitForLastOperation
    stm32f10x_flash.o(i.FLASH_ReadOutProtection) refers to stm32f10x_flash.o(i.FLASH_WaitForLastOperation) for FLASH_WaitForLastOperation
    stm32f10x_flash.o(i.FLASH_UserOptionByteConfig) refers to stm32f10x_flash.o(i.FLASH_WaitForLastOperation) for FLASH_WaitForLastOperation
[...]
    Removing misc.o(.revsh_text), (4 bytes).
    Removing misc.o(i.NVIC_SetVectorTable), (20 bytes).
    Removing misc.o(i.NVIC_SystemLPConfig), (32 bytes).
    Removing misc.o(i.SysTick_CLKSourceConfig), (40 bytes).
    Removing stm32f10x_exti.o(.rev16_text), (4 bytes).
    Removing stm32f10x_exti.o(.revsh_text), (4 bytes).
    Removing stm32f10x_exti.o(i.EXTI_ClearFlag), (12 bytes).
    Removing stm32f10x_exti.o(i.EXTI_ClearITPendingBit), (12 bytes).
    Removing stm32f10x_exti.o(i.EXTI_DeInit), (36 bytes).
    Removing stm32f10x_exti.o(i.EXTI_GenerateSWInterrupt), (16 bytes).
    Removing stm32f10x_exti.o(i.EXTI_GetFlagStatus), (24 bytes).
    Removing stm32f10x_exti.o(i.EXTI_GetITStatus), (40 bytes).
    Removing stm32f10x_exti.o(i.EXTI_Init), (148 bytes).
    Removing stm32f10x_exti.o(i.EXTI_StructInit), (16 bytes).
    Removing stm32f10x_flash.o(.rev16_text), (4 bytes).
    Removing stm32f10x_flash.o(.revsh_text), (4 bytes).
    Removing stm32f10x_flash.o(i.FLASH_ClearFlag), (12 bytes).
    Removing stm32f10x_flash.o(i.FLASH_EnableWriteProtection), (196 bytes).
    Removing stm32f10x_flash.o(i.FLASH_EraseAllBank1Pages), (72 bytes).
    Removing stm32f10x_flash.o(i.FLASH_EraseAllPages), (72 bytes).
    Removing stm32f10x_flash.o(i.FLASH_EraseOptionBytes), (168 bytes).
    Removing stm32f10x_flash.o(i.FLASH_ErasePage), (76 bytes).
    Removing stm32f10x_flash.o(i.FLASH_GetBank1Status), (52 bytes).
    Removing stm32f10x_flash.o(i.FLASH_GetFlagStatus), (48 bytes).
    Removing stm32f10x_flash.o(i.FLASH_GetPrefetchBufferStatus), (24 bytes).
    Removing stm32f10x_flash.o(i.FLASH_GetReadOutProtectionStatus), (24 bytes).
    Removing stm32f10x_flash.o(i.FLASH_GetStatus), (52 bytes).
    Removing stm32f10x_flash.o(i.FLASH_GetUserOptionByte), (12 bytes).
    Removing stm32f10x_flash.o(i.FLASH_GetWriteProtectionOptionByte), (12 bytes).
    Removing stm32f10x_flash.o(i.FLASH_HalfCycleAccessCmd), (28 bytes).
    Removing stm32f10x_flash.o(i.FLASH_ITConfig), (32 bytes).
    Removing stm32f10x_flash.o(i.FLASH_Lock), (20 bytes).
    Removing stm32f10x_flash.o(i.FLASH_LockBank1), (20 bytes).
    Removing stm32f10x_flash.o(i.FLASH_ProgramHalfWord), (64 bytes).
    Removing stm32f10x_flash.o(i.FLASH_ProgramOptionByteData), (84 bytes).
    Removing stm32f10x_flash.o(i.FLASH_ProgramWord), (108 bytes).
    Removing stm32f10x_flash.o(i.FLASH_ReadOutProtection), (172 bytes).
    Removing stm32f10x_flash.o(i.FLASH_Unlock), (24 bytes).
    Removing stm32f10x_flash.o(i.FLASH_UnlockBank1), (24 bytes).
    Removing stm32f10x_flash.o(i.FLASH_UserOptionByteConfig), (104 bytes).
    Removing stm32f10x_flash.o(i.FLASH_WaitForLastBank1Operation), (38 bytes).
    Removing stm32f10x_flash.o(i.FLASH_WaitForLastOperation), (38 bytes).
    Removing stm32f10x_gpio.o(.rev16_text), (4 bytes).
    Removing stm32f10x_gpio.o(.revsh_text), (4 bytes).
    Removing stm32f10x_gpio.o(i.GPIO_AFIODeInit), (20 bytes).
    Removing stm32f10x_gpio.o(i.GPIO_DeInit), (200 bytes).
    Removing stm32f10x_gpio.o(i.GPIO_ETH_MediaInterfaceConfig), (12 bytes).
    Removing stm32f10x_gpio.o(i.GPIO_EXTILineConfig), (64 bytes).
    Removing stm32f10x_gpio.o(i.GPIO_EventOutputCmd), (12 bytes).
    Removing stm32f10x_gpio.o(i.GPIO_EventOutputConfig), (32 bytes).
    Removing stm32f10x_gpio.o(i.GPIO_PinLockConfig), (18 bytes).
    Removing stm32f10x_gpio.o(i.GPIO_PinRemapConfig), (144 bytes).
    Removing stm32f10x_gpio.o(i.GPIO_ReadInputData), (8 bytes).
    Removing stm32f10x_gpio.o(i.GPIO_ReadInputDataBit), (18 bytes).
    Removing stm32f10x_gpio.o(i.GPIO_ReadOutputData), (8 bytes).
    Removing stm32f10x_gpio.o(i.GPIO_ReadOutputDataBit), (18 bytes).
    Removing stm32f10x_gpio.o(i.GPIO_StructInit), (16 bytes).
    Removing stm32f10x_gpio.o(i.GPIO_Write), (4 bytes).
    Removing stm32f10x_gpio.o(i.GPIO_WriteBit), (10 bytes).
    Removing stm32f10x_pwr.o(.rev16_text), (4 bytes).
    Removing stm32f10x_pwr.o(.revsh_text), (4 bytes).
    Removing stm32f10x_pwr.o(i.PWR_BackupAccessCmd), (12 bytes).
    Removing stm32f10x_pwr.o(i.PWR_ClearFlag), (20 bytes).
    Removing stm32f10x_pwr.o(i.PWR_DeInit), (22 bytes).
    Removing stm32f10x_pwr.o(i.PWR_EnterSTANDBYMode), (52 bytes).
    Removing stm32f10x_pwr.o(i.PWR_EnterSTOPMode), (64 bytes).
    Removing stm32f10x_pwr.o(i.PWR_GetFlagStatus), (24 bytes).
    Removing stm32f10x_pwr.o(i.PWR_PVDCmd), (12 bytes).
    Removing stm32f10x_pwr.o(i.PWR_PVDLevelConfig), (24 bytes).
    Removing stm32f10x_pwr.o(i.PWR_WakeUpPinCmd), (12 bytes).
    Removing stm32f10x_rcc.o(.rev16_text), (4 bytes).
    Removing stm32f10x_rcc.o(.revsh_text), (4 bytes).
    Removing stm32f10x_rcc.o(i.RCC_ADCCLKConfig), (24 bytes).
    Removing stm32f10x_rcc.o(i.RCC_AHBPeriphClockCmd), (32 bytes).
    Removing stm32f10x_rcc.o(i.RCC_APB1PeriphResetCmd), (32 bytes).
    Removing stm32f10x_rcc.o(i.RCC_APB2PeriphResetCmd), (32 bytes).
    Removing stm32f10x_rcc.o(i.RCC_AdjustHSICalibrationValue), (24 bytes).
    Removing stm32f10x_rcc.o(i.RCC_BackupResetCmd), (12 bytes).
    Removing stm32f10x_rcc.o(i.RCC_ClearFlag), (20 bytes).
    Removing stm32f10x_rcc.o(i.RCC_ClearITPendingBit), (12 bytes).
    Removing stm32f10x_rcc.o(i.RCC_ClockSecuritySystemCmd), (12 bytes).
    Removing stm32f10x_rcc.o(i.RCC_GetClocksFreq), (212 bytes).
    Removing stm32f10x_rcc.o(i.RCC_GetITStatus), (24 bytes).
    Removing stm32f10x_rcc.o(i.RCC_HSICmd), (12 bytes).
    Removing stm32f10x_rcc.o(i.RCC_ITConfig), (32 bytes).
    Removing stm32f10x_rcc.o(i.RCC_LSEConfig), (52 bytes).
    Removing stm32f10x_rcc.o(i.RCC_LSICmd), (12 bytes).
    Removing stm32f10x_rcc.o(i.RCC_MCOConfig), (12 bytes).
    Removing stm32f10x_rcc.o(i.RCC_RTCCLKCmd), (12 bytes).
    Removing stm32f10x_rcc.o(i.RCC_RTCCLKConfig), (16 bytes).
    Removing stm32f10x_rcc.o(.data), (20 bytes).
    Removing stm32f10x_rtc.o(.rev16_text), (4 bytes).
    Removing stm32f10x_rtc.o(.revsh_text), (4 bytes).
    Removing stm32f10x_rtc.o(i.RTC_ClearFlag), (16 bytes).
    Removing stm32f10x_rtc.o(i.RTC_ClearITPendingBit), (16 bytes).
    Removing stm32f10x_rtc.o(i.RTC_EnterConfigMode), (20 bytes).
    Removing stm32f10x_rtc.o(i.RTC_ExitConfigMode), (20 bytes).
    Removing stm32f10x_rtc.o(i.RTC_GetCounter), (20 bytes).
    Removing stm32f10x_rtc.o(i.RTC_GetDivider), (24 bytes).
    Removing stm32f10x_rtc.o(i.RTC_GetFlagStatus), (24 bytes).
    Removing stm32f10x_rtc.o(i.RTC_GetITStatus), (36 bytes).
    Removing stm32f10x_rtc.o(i.RTC_ITConfig), (32 bytes).
    Removing stm32f10x_rtc.o(i.RTC_SetAlarm), (28 bytes).
    Removing stm32f10x_rtc.o(i.RTC_SetCounter), (28 bytes).
    Removing stm32f10x_rtc.o(i.RTC_SetPrescaler), (32 bytes).
    Removing stm32f10x_rtc.o(i.RTC_WaitForLastTask), (20 bytes).
    Removing stm32f10x_rtc.o(i.RTC_WaitForSynchro), (36 bytes).
    Removing stm32f10x_spi.o(.rev16_text), (4 bytes).
    Removing stm32f10x_spi.o(.revsh_text), (4 bytes).
    Removing stm32f10x_spi.o(i.I2S_Cmd), (24 bytes).
    Removing stm32f10x_spi.o(i.I2S_Init), (232 bytes).
    Removing stm32f10x_spi.o(i.I2S_StructInit), (20 bytes).
    Removing stm32f10x_spi.o(i.SPI_BiDirectionalLineConfig), (28 bytes).
    Removing stm32f10x_spi.o(i.SPI_CalculateCRC), (24 bytes).
    Removing stm32f10x_spi.o(i.SPI_Cmd), (24 bytes).
    Removing stm32f10x_spi.o(i.SPI_DataSizeConfig), (18 bytes).
    Removing stm32f10x_spi.o(i.SPI_GetCRC), (16 bytes).
    Removing stm32f10x_spi.o(i.SPI_GetCRCPolynomial), (6 bytes).
    Removing stm32f10x_spi.o(i.SPI_I2S_ClearFlag), (6 bytes).
    Removing stm32f10x_spi.o(i.SPI_I2S_ClearITPendingBit), (20 bytes).
    Removing stm32f10x_spi.o(i.SPI_I2S_DMACmd), (18 bytes).
    Removing stm32f10x_spi.o(i.SPI_I2S_DeInit), (88 bytes).
    Removing stm32f10x_spi.o(i.SPI_I2S_GetFlagStatus), (18 bytes).
    Removing stm32f10x_spi.o(i.SPI_I2S_GetITStatus), (52 bytes).
    Removing stm32f10x_spi.o(i.SPI_I2S_ITConfig), (32 bytes).
    Removing stm32f10x_spi.o(i.SPI_I2S_ReceiveData), (6 bytes).
    Removing stm32f10x_spi.o(i.SPI_I2S_SendData), (4 bytes).
    Removing stm32f10x_spi.o(i.SPI_Init), (60 bytes).
    Removing stm32f10x_spi.o(i.SPI_NSSInternalSoftwareConfig), (30 bytes).
    Removing stm32f10x_spi.o(i.SPI_SSOutputCmd), (24 bytes).
    Removing stm32f10x_spi.o(i.SPI_StructInit), (24 bytes).
    Removing stm32f10x_spi.o(i.SPI_TransmitCRC), (10 bytes).
    Removing stm32f10x_tim.o(.rev16_text), (4 bytes).
    Removing stm32f10x_tim.o(.revsh_text), (4 bytes).
    Removing stm32f10x_tim.o(i.TI1_Config), (128 bytes).
    Removing stm32f10x_tim.o(i.TI2_Config), (152 bytes).
    Removing stm32f10x_tim.o(i.TI3_Config), (144 bytes).
    Removing stm32f10x_tim.o(i.TI4_Config), (152 bytes).
    Removing stm32f10x_tim.o(i.TIM_ARRPreloadConfig), (24 bytes).
    Removing stm32f10x_tim.o(i.TIM_BDTRConfig), (32 bytes).
    Removing stm32f10x_tim.o(i.TIM_BDTRStructInit), (18 bytes).
    Removing stm32f10x_tim.o(i.TIM_CCPreloadControl), (24 bytes).
    Removing stm32f10x_tim.o(i.TIM_CCxCmd), (30 bytes).
    Removing stm32f10x_tim.o(i.TIM_CCxNCmd), (30 bytes).
    Removing stm32f10x_tim.o(i.TIM_ClearFlag), (6 bytes).
    Removing stm32f10x_tim.o(i.TIM_ClearITPendingBit), (6 bytes).
    Removing stm32f10x_tim.o(i.TIM_ClearOC1Ref), (18 bytes).
    Removing stm32f10x_tim.o(i.TIM_ClearOC2Ref), (24 bytes).
    Removing stm32f10x_tim.o(i.TIM_ClearOC3Ref), (18 bytes).
    Removing stm32f10x_tim.o(i.TIM_ClearOC4Ref), (24 bytes).
    Removing stm32f10x_tim.o(i.TIM_Cmd), (24 bytes).
    Removing stm32f10x_tim.o(i.TIM_CounterModeConfig), (18 bytes).
    Removing stm32f10x_tim.o(i.TIM_CtrlPWMOutputs), (30 bytes).
    Removing stm32f10x_tim.o(i.TIM_DMACmd), (18 bytes).
    Removing stm32f10x_tim.o(i.TIM_DMAConfig), (10 bytes).
    Removing stm32f10x_tim.o(i.TIM_DeInit), (488 bytes).
    Removing stm32f10x_tim.o(i.TIM_ETRClockMode1Config), (54 bytes).
    Removing stm32f10x_tim.o(i.TIM_ETRClockMode2Config), (32 bytes).
    Removing stm32f10x_tim.o(i.TIM_ETRConfig), (28 bytes).
    Removing stm32f10x_tim.o(i.TIM_EncoderInterfaceConfig), (66 bytes).
    Removing stm32f10x_tim.o(i.TIM_ForcedOC1Config), (18 bytes).
    Removing stm32f10x_tim.o(i.TIM_ForcedOC2Config), (26 bytes).
    Removing stm32f10x_tim.o(i.TIM_ForcedOC3Config), (18 bytes).
    Removing stm32f10x_tim.o(i.TIM_ForcedOC4Config), (26 bytes).
    Removing stm32f10x_tim.o(i.TIM_GenerateEvent), (4 bytes).
    Removing stm32f10x_tim.o(i.TIM_GetCapture1), (6 bytes).
    Removing stm32f10x_tim.o(i.TIM_GetCapture2), (6 bytes).
    Removing stm32f10x_tim.o(i.TIM_GetCapture3), (6 bytes).
    Removing stm32f10x_tim.o(i.TIM_GetCapture4), (8 bytes).
    Removing stm32f10x_tim.o(i.TIM_GetCounter), (6 bytes).
    Removing stm32f10x_tim.o(i.TIM_GetFlagStatus), (18 bytes).
    Removing stm32f10x_tim.o(i.TIM_GetITStatus), (34 bytes).
    Removing stm32f10x_tim.o(i.TIM_GetPrescaler), (6 bytes).
    Removing stm32f10x_tim.o(i.TIM_ICInit), (172 bytes).
    Removing stm32f10x_tim.o(i.TIM_ICStructInit), (18 bytes).
    Removing stm32f10x_tim.o(i.TIM_ITConfig), (18 bytes).
    Removing stm32f10x_tim.o(i.TIM_ITRxExternalClockConfig), (24 bytes).
    Removing stm32f10x_tim.o(i.TIM_InternalClockConfig), (12 bytes).
    Removing stm32f10x_tim.o(i.TIM_OC1FastConfig), (18 bytes).
    Removing stm32f10x_tim.o(i.TIM_OC1Init), (152 bytes).
    Removing stm32f10x_tim.o(i.TIM_OC1NPolarityConfig), (18 bytes).
    Removing stm32f10x_tim.o(i.TIM_OC1PolarityConfig), (18 bytes).
    Removing stm32f10x_tim.o(i.TIM_OC1PreloadConfig), (18 bytes).
    Removing stm32f10x_tim.o(i.TIM_OC2FastConfig), (26 bytes).
    Removing stm32f10x_tim.o(i.TIM_OC2Init), (164 bytes).
    Removing stm32f10x_tim.o(i.TIM_OC2NPolarityConfig), (26 bytes).
    Removing stm32f10x_tim.o(i.TIM_OC2PolarityConfig), (26 bytes).
    Removing stm32f10x_tim.o(i.TIM_OC2PreloadConfig), (26 bytes).
    Removing stm32f10x_tim.o(i.TIM_OC3FastConfig), (18 bytes).
    Removing stm32f10x_tim.o(i.TIM_OC3Init), (160 bytes).
    Removing stm32f10x_tim.o(i.TIM_OC3NPolarityConfig), (26 bytes).
    Removing stm32f10x_tim.o(i.TIM_OC3PolarityConfig), (26 bytes).
    Removing stm32f10x_tim.o(i.TIM_OC3PreloadConfig), (18 bytes).
    Removing stm32f10x_tim.o(i.TIM_OC4FastConfig), (26 bytes).
    Removing stm32f10x_tim.o(i.TIM_OC4Init), (124 bytes).
    Removing stm32f10x_tim.o(i.TIM_OC4PolarityConfig), (26 bytes).
    Removing stm32f10x_tim.o(i.TIM_OC4PreloadConfig), (26 bytes).
    Removing stm32f10x_tim.o(i.TIM_OCStructInit), (20 bytes).
    Removing stm32f10x_tim.o(i.TIM_PWMIConfig), (124 bytes).
    Removing stm32f10x_tim.o(i.TIM_PrescalerConfig), (6 bytes).
    Removing stm32f10x_tim.o(i.TIM_SelectCCDMA), (24 bytes).
    Removing stm32f10x_tim.o(i.TIM_SelectCOM), (24 bytes).
    Removing stm32f10x_tim.o(i.TIM_SelectHallSensor), (24 bytes).
    Removing stm32f10x_tim.o(i.TIM_SelectInputTrigger), (18 bytes).
    Removing stm32f10x_tim.o(i.TIM_SelectMasterSlaveMode), (18 bytes).
    Removing stm32f10x_tim.o(i.TIM_SelectOCxM), (82 bytes).
    Removing stm32f10x_tim.o(i.TIM_SelectOnePulseMode), (18 bytes).
    Removing stm32f10x_tim.o(i.TIM_SelectOutputTrigger), (18 bytes).
    Removing stm32f10x_tim.o(i.TIM_SelectSlaveMode), (18 bytes).
    Removing stm32f10x_tim.o(i.TIM_SetAutoreload), (4 bytes).
    Removing stm32f10x_tim.o(i.TIM_SetClockDivision), (18 bytes).
    Removing stm32f10x_tim.o(i.TIM_SetCompare1), (4 bytes).
    Removing stm32f10x_tim.o(i.TIM_SetCompare2), (4 bytes).
    Removing stm32f10x_tim.o(i.TIM_SetCompare3), (4 bytes).
    Removing stm32f10x_tim.o(i.TIM_SetCompare4), (6 bytes).
    Removing stm32f10x_tim.o(i.TIM_SetCounter), (4 bytes).
    Removing stm32f10x_tim.o(i.TIM_SetIC1Prescaler), (18 bytes).
    Removing stm32f10x_tim.o(i.TIM_SetIC2Prescaler), (26 bytes).
    Removing stm32f10x_tim.o(i.TIM_SetIC3Prescaler), (18 bytes).
    Removing stm32f10x_tim.o(i.TIM_SetIC4Prescaler), (26 bytes).
    Removing stm32f10x_tim.o(i.TIM_TIxExternalClockConfig), (62 bytes).
    Removing stm32f10x_tim.o(i.TIM_TimeBaseInit), (164 bytes).
    Removing stm32f10x_tim.o(i.TIM_TimeBaseStructInit), (18 bytes).
    Removing stm32f10x_tim.o(i.TIM_UpdateDisableConfig), (24 bytes).
    Removing stm32f10x_tim.o(i.TIM_UpdateRequestConfig), (24 bytes).
    Removing stm32f10x_usart.o(.rev16_text), (4 bytes).
    Removing stm32f10x_usart.o(.revsh_text), (4 bytes).
    Removing stm32f10x_usart.o(i.USART_ClearFlag), (18 bytes).
    Removing stm32f10x_usart.o(i.USART_ClockInit), (34 bytes).
    Removing stm32f10x_usart.o(i.USART_ClockStructInit), (12 bytes).
    Removing stm32f10x_usart.o(i.USART_Cmd), (24 bytes).
    Removing stm32f10x_usart.o(i.USART_DMACmd), (18 bytes).
    Removing stm32f10x_usart.o(i.USART_DeInit), (156 bytes).
    Removing stm32f10x_usart.o(i.USART_GetFlagStatus), (26 bytes).
    Removing stm32f10x_usart.o(i.USART_HalfDuplexCmd), (24 bytes).
    Removing stm32f10x_usart.o(i.USART_ITConfig), (74 bytes).
    Removing stm32f10x_usart.o(i.USART_Init), (216 bytes).
    Removing stm32f10x_usart.o(i.USART_IrDACmd), (24 bytes).
    Removing stm32f10x_usart.o(i.USART_IrDAConfig), (18 bytes).
    Removing stm32f10x_usart.o(i.USART_LINBreakDetectLengthConfig), (18 bytes).
    Removing stm32f10x_usart.o(i.USART_LINCmd), (24 bytes).
    Removing stm32f10x_usart.o(i.USART_OneBitMethodCmd), (24 bytes).
    Removing stm32f10x_usart.o(i.USART_OverSampling8Cmd), (22 bytes).
    Removing stm32f10x_usart.o(i.USART_ReceiveData), (10 bytes).
    Removing stm32f10x_usart.o(i.USART_ReceiverWakeUpCmd), (24 bytes).
    Removing stm32f10x_usart.o(i.USART_SendBreak), (10 bytes).
    Removing stm32f10x_usart.o(i.USART_SendData), (8 bytes).
    Removing stm32f10x_usart.o(i.USART_SetAddress), (18 bytes).
    Removing stm32f10x_usart.o(i.USART_SetGuardTime), (16 bytes).
    Removing stm32f10x_usart.o(i.USART_SetPrescaler), (16 bytes).
    Removing stm32f10x_usart.o(i.USART_SmartCardCmd), (24 bytes).
    Removing stm32f10x_usart.o(i.USART_SmartCardNACKCmd), (24 bytes).
    Removing stm32f10x_usart.o(i.USART_StructInit), (24 bytes).
    Removing stm32f10x_usart.o(i.USART_WakeUpConfig), (18 bytes).
    Removing core_cm3.o(.emb_text), (32 bytes).
    Removing system_stm32f10x.o(.rev16_text), (4 bytes).
    Removing system_stm32f10x.o(.revsh_text), (4 bytes).
    Removing system_stm32f10x.o(i.SystemCoreClockUpdate), (164 bytes).
    Removing system_stm32f10x.o(.data), (20 bytes).
    Removing bsp_usart.o(.rev16_text), (4 bytes).
    Removing bsp_usart.o(.revsh_text), (4 bytes).
    Removing bsp_usart.o(i.BSP_USART_Init), (16 bytes).
    Removing bsp_usart.o(i.USART1_Send), (60 bytes).
    Removing bsp_usart.o(i.USARTnvicConfiguration), (32 bytes).
    Removing bsp_usart.o(i.fputc), (36 bytes).
    Removing bsp_usart.o(i.uartConfig), (76 bytes).
    Removing bsp_usart.o(i.uartGpioInit), (84 bytes).
    Removing usbio.o(.rev16_text), (4 bytes).
    Removing usbio.o(.revsh_text), (4 bytes).
    Removing usbio.o(.data), (1 bytes).
    Removing hw_config.o(.rev16_text), (4 bytes).
    Removing hw_config.o(.revsh_text), (4 bytes).
    Removing usb_desc.o(.rev16_text), (4 bytes).
    Removing usb_desc.o(.revsh_text), (4 bytes).
    Removing usb_endp.o(.rev16_text), (4 bytes).
    Removing usb_endp.o(.revsh_text), (4 bytes).
    Removing usb_istr.o(.rev16_text), (4 bytes).
    Removing usb_istr.o(.revsh_text), (4 bytes).
    Removing usb_prop.o(.rev16_text), (4 bytes).
    Removing usb_prop.o(.revsh_text), (4 bytes).
    Removing usb_pwr.o(.rev16_text), (4 bytes).
    Removing usb_pwr.o(.revsh_text), (4 bytes).
    Removing usb_pwr.o(i.PowerOff), (32 bytes).
    Removing usb_core.o(.rev16_text), (4 bytes).
    Removing usb_core.o(.revsh_text), (4 bytes).
    Removing usb_init.o(.rev16_text), (4 bytes).
    Removing usb_init.o(.revsh_text), (4 bytes).
    Removing usb_int.o(.rev16_text), (4 bytes).
    Removing usb_int.o(.revsh_text), (4 bytes).
    Removing usb_int.o(i.CTR_HP), (200 bytes).
    Removing usb_mem.o(.rev16_text), (4 bytes).
    Removing usb_mem.o(.revsh_text), (4 bytes).
    Removing usb_regs.o(.rev16_text), (4 bytes).
    Removing usb_regs.o(.revsh_text), (4 bytes).
    Removing usb_regs.o(i.ClearEPDoubleBuff), (40 bytes).
    Removing usb_regs.o(i.ClearEP_CTR_RX), (36 bytes).
    Removing usb_regs.o(i.ClearEP_CTR_TX), (32 bytes).
    Removing usb_regs.o(i.ClearEP_KIND), (40 bytes).
    Removing usb_regs.o(i.FreeUserBuffer), (84 bytes).
    Removing usb_regs.o(i.GetBTABLE), (12 bytes).
    Removing usb_regs.o(i.GetCNTR), (12 bytes).
    Removing usb_regs.o(i.GetDADDR), (12 bytes).
    Removing usb_regs.o(i.GetENDPOINT), (20 bytes).
    Removing usb_regs.o(i.GetEPAddress), (24 bytes).
    Removing usb_regs.o(i.GetEPDblBuf0Addr), (32 bytes).
    Removing usb_regs.o(i.GetEPDblBuf0Count), (36 bytes).
    Removing usb_regs.o(i.GetEPDblBuf1Addr), (32 bytes).
    Removing usb_regs.o(i.GetEPDblBuf1Count), (36 bytes).
    Removing usb_regs.o(i.GetEPDblBufDir), (72 bytes).
    Removing usb_regs.o(i.GetEPRxCount), (36 bytes).
    Removing usb_regs.o(i.GetEPRxStatus), (24 bytes).
    Removing usb_regs.o(i.GetEPTxCount), (36 bytes).
    Removing usb_regs.o(i.GetEPTxStatus), (24 bytes).
    Removing usb_regs.o(i.GetEPType), (24 bytes).
    Removing usb_regs.o(i.GetFNR), (12 bytes).
    Removing usb_regs.o(i.GetISTR), (12 bytes).
    Removing usb_regs.o(i.GetRxStallStatus), (36 bytes).
    Removing usb_regs.o(i.GetTxStallStatus), (32 bytes).
    Removing usb_regs.o(i.SetCNTR), (12 bytes).
    Removing usb_regs.o(i.SetDADDR), (12 bytes).
    Removing usb_regs.o(i.SetDouBleBuffEPStall), (60 bytes).
    Removing usb_regs.o(i.SetENDPOINT), (16 bytes).
    Removing usb_regs.o(i.SetEPAddress), (44 bytes).
    Removing usb_regs.o(i.SetEPCountRxReg), (48 bytes).
    Removing usb_regs.o(i.SetEPDblBuf0Addr), (32 bytes).
    Removing usb_regs.o(i.SetEPDblBuf0Count), (104 bytes).
    Removing usb_regs.o(i.SetEPDblBuf1Addr), (36 bytes).
    Removing usb_regs.o(i.SetEPDblBuf1Count), (104 bytes).
    Removing usb_regs.o(i.SetEPDblBuffAddr), (52 bytes).
    Removing usb_regs.o(i.SetEPDblBuffCount), (196 bytes).
    Removing usb_regs.o(i.SetEPDoubleBuff), (44 bytes).
    Removing usb_regs.o(i.SetEP_KIND), (44 bytes).
    Removing usb_regs.o(i.SetISTR), (12 bytes).
    Removing usb_regs.o(i.Set_Status_Out), (44 bytes).
    Removing usb_regs.o(i.ToWord), (8 bytes).
    Removing usb_regs.o(i.ToggleDTOG_RX), (40 bytes).
    Removing usb_regs.o(i.ToggleDTOG_TX), (40 bytes).
    Removing usb_sil.o(.rev16_text), (4 bytes).
    Removing usb_sil.o(.revsh_text), (4 bytes).
    Removing usb_sil.o(i.USB_SIL_Read), (46 bytes).
    Removing usb_sil.o(i.USB_SIL_Write), (46 bytes).
    Removing dadd.o(.text), (334 bytes).
    Removing dmul.o(.text), (228 bytes).
    Removing ddiv.o(.text), (222 bytes).
    Removing dfixul.o(.text), (48 bytes).
    Removing cdrcmple.o(.text), (48 bytes).
    Removing depilogue.o(.text), (186 bytes).

358 unused section(s) (total 13615 bytes) removed from the image.

==============================================================================

Image Symbol Table

    Local Symbols

    Symbol Name                              Value     Ov Type        Size  Object(Section)

    ../clib/microlib/division.c              0x00000000   Number         0  uldiv.o ABSOLUTE
    ../clib/microlib/division.c              0x00000000   Number         0  uidiv.o ABSOLUTE
    ../clib/microlib/init/entry.s            0x00000000   Number         0  entry10a.o ABSOLUTE
    ../clib/microlib/init/entry.s            0x00000000   Number         0  entry.o ABSOLUTE
    ../clib/microlib/init/entry.s            0x00000000   Number         0  entry7b.o ABSOLUTE
    ../clib/microlib/init/entry.s            0x00000000   Number         0  entry5.o ABSOLUTE
    ../clib/microlib/init/entry.s            0x00000000   Number         0  entry2.o ABSOLUTE
    ../clib/microlib/init/entry.s            0x00000000   Number         0  entry10b.o ABSOLUTE
    ../clib/microlib/init/entry.s            0x00000000   Number         0  entry11b.o ABSOLUTE
    ../clib/microlib/init/entry.s            0x00000000   Number         0  entry11a.o ABSOLUTE
    ../clib/microlib/init/entry.s            0x00000000   Number         0  entry8a.o ABSOLUTE
    ../clib/microlib/init/entry.s            0x00000000   Number         0  entry9b.o ABSOLUTE
    ../clib/microlib/init/entry.s            0x00000000   Number         0  entry9a.o ABSOLUTE
    ../clib/microlib/init/entry.s            0x00000000   Number         0  entry8b.o ABSOLUTE
    ../clib/microlib/init/entry.s            0x00000000   Number         0  entry7a.o ABSOLUTE
    ../clib/microlib/longlong.c              0x00000000   Number         0  llushr.o ABSOLUTE
    ../clib/microlib/longlong.c              0x00000000   Number         0  llshl.o ABSOLUTE
    ../clib/microlib/longlong.c              0x00000000   Number         0  llsshr.o ABSOLUTE
    ../clib/microlib/printf/printf.c         0x00000000   Number         0  printfa.o ABSOLUTE
    ../clib/microlib/printf/printf.c         0x00000000   Number         0  printf0.o ABSOLUTE
    ../clib/microlib/printf/printf.c         0x00000000   Number         0  printf2.o ABSOLUTE
    ../clib/microlib/printf/printf.c         0x00000000   Number         0  printf3.o ABSOLUTE
    ../clib/microlib/printf/printf.c         0x00000000   Number         0  printf8.o ABSOLUTE
    ../clib/microlib/printf/printf.c         0x00000000   Number         0  printf7.o ABSOLUTE
    ../clib/microlib/printf/printf.c         0x00000000   Number         0  printf6.o ABSOLUTE
    ../clib/microlib/printf/printf.c         0x00000000   Number         0  printf1.o ABSOLUTE
    ../clib/microlib/printf/printf.c         0x00000000   Number         0  printf5.o ABSOLUTE
    ../clib/microlib/printf/printf.c         0x00000000   Number         0  printfb.o ABSOLUTE
    ../clib/microlib/printf/printf.c         0x00000000   Number         0  printf4.o ABSOLUTE
    ../clib/microlib/stdio/streams.c         0x00000000   Number         0  stdout.o ABSOLUTE
    ../clib/microlib/stubs.s                 0x00000000   Number         0  iusefp.o ABSOLUTE
    ../fplib/microlib/fpadd.c                0x00000000   Number         0  dadd.o ABSOLUTE
    ../fplib/microlib/fpdiv.c                0x00000000   Number         0  ddiv.o ABSOLUTE
    ../fplib/microlib/fpepilogue.c           0x00000000   Number         0  depilogue.o ABSOLUTE
    ../fplib/microlib/fpfix.c                0x00000000   Number         0  dfixul.o ABSOLUTE
    ../fplib/microlib/fpmul.c                0x00000000   Number         0  dmul.o ABSOLUTE
    ..\Lib\CMSIS\CM3\CoreSupport\core_cm3.c  0x00000000   Number         0  core_cm3.o ABSOLUTE
    ..\Lib\CMSIS\CM3\DeviceSupport\ST\STM32F10x\startup\arm\startup_stm32f10x_hd.s 0x00000000   Number         0  startup_stm32f10x_hd.o ABSOLUTE
    ..\Lib\CMSIS\CM3\DeviceSupport\ST\STM32F10x\system_stm32f10x.c 0x00000000   Number         0  system_stm32f10x.o ABSOLUTE
    ..\Lib\STM32F10x_StdPeriph_Driver\src\misc.c 0x00000000   Number         0  misc.o ABSOLUTE
    ..\Lib\STM32F10x_StdPeriph_Driver\src\stm32f10x_exti.c 0x00000000   Number         0  stm32f10x_exti.o ABSOLUTE
    ..\Lib\STM32F10x_StdPeriph_Driver\src\stm32f10x_flash.c 0x00000000   Number         0  stm32f10x_flash.o ABSOLUTE
    ..\Lib\STM32F10x_StdPeriph_Driver\src\stm32f10x_gpio.c 0x00000000   Number         0  stm32f10x_gpio.o ABSOLUTE
    ..\Lib\STM32F10x_StdPeriph_Driver\src\stm32f10x_pwr.c 0x00000000   Number         0  stm32f10x_pwr.o ABSOLUTE
    ..\Lib\STM32F10x_StdPeriph_Driver\src\stm32f10x_rcc.c 0x00000000   Number         0  stm32f10x_rcc.o ABSOLUTE
    ..\Lib\STM32F10x_StdPeriph_Driver\src\stm32f10x_rtc.c 0x00000000   Number         0  stm32f10x_rtc.o ABSOLUTE
    ..\Lib\STM32F10x_StdPeriph_Driver\src\stm32f10x_spi.c 0x00000000   Number         0  stm32f10x_spi.o ABSOLUTE
    ..\Lib\STM32F10x_StdPeriph_Driver\src\stm32f10x_tim.c 0x00000000   Number         0  stm32f10x_tim.o ABSOLUTE
    ..\Lib\STM32F10x_StdPeriph_Driver\src\stm32f10x_usart.c 0x00000000   Number         0  stm32f10x_usart.o ABSOLUTE
    ..\Lib\STM32_USB-FS-Device_Driver\src\otgd_fs_cal.c 0x00000000   Number         0  otgd_fs_cal.o ABSOLUTE
    ..\Lib\STM32_USB-FS-Device_Driver\src\otgd_fs_dev.c 0x00000000   Number         0  otgd_fs_dev.o ABSOLUTE
    ..\Lib\STM32_USB-FS-Device_Driver\src\otgd_fs_int.c 0x00000000   Number         0  otgd_fs_int.o ABSOLUTE
    ..\Lib\STM32_USB-FS-Device_Driver\src\otgd_fs_pcd.c 0x00000000   Number         0  otgd_fs_pcd.o ABSOLUTE
    ..\Lib\STM32_USB-FS-Device_Driver\src\usb_core.c 0x00000000   Number         0  usb_core.o ABSOLUTE
    ..\Lib\STM32_USB-FS-Device_Driver\src\usb_init.c 0x00000000   Number         0  usb_init.o ABSOLUTE
    ..\Lib\STM32_USB-FS-Device_Driver\src\usb_int.c 0x00000000   Number         0  usb_int.o ABSOLUTE
    ..\Lib\STM32_USB-FS-Device_Driver\src\usb_mem.c 0x00000000   Number         0  usb_mem.o ABSOLUTE
    ..\Lib\STM32_USB-FS-Device_Driver\src\usb_regs.c 0x00000000   Number         0  usb_regs.o ABSOLUTE
    ..\Lib\STM32_USB-FS-Device_Driver\src\usb_sil.c 0x00000000   Number         0  usb_sil.o ABSOLUTE
    ..\User\USB\hw_config.c                  0x00000000   Number         0  hw_config.o ABSOLUTE
    ..\User\USB\usb_desc.c                   0x00000000   Number         0  usb_desc.o ABSOLUTE
    ..\User\USB\usb_endp.c                   0x00000000   Number         0  usb_endp.o ABSOLUTE
    ..\User\USB\usb_istr.c                   0x00000000   Number         0  usb_istr.o ABSOLUTE
    ..\User\USB\usb_prop.c                   0x00000000   Number         0  usb_prop.o ABSOLUTE
    ..\User\USB\usb_pwr.c                    0x00000000   Number         0  usb_pwr.o ABSOLUTE
    ..\User\USB\usbio.c                      0x00000000   Number         0  usbio.o ABSOLUTE
    ..\User\driver\bsp_key.c                 0x00000000   Number         0  bsp_key.o ABSOLUTE
    ..\User\driver\bsp_led.c                 0x00000000   Number         0  bsp_led.o ABSOLUTE
    ..\User\driver\bsp_usart.c               0x00000000   Number         0  bsp_usart.o ABSOLUTE
    ..\User\main.c                           0x00000000   Number         0  main.o ABSOLUTE
    ..\User\stm32f10x_it.c                   0x00000000   Number         0  stm32f10x_it.o ABSOLUTE
    ..\\Lib\\CMSIS\\CM3\\CoreSupport\\core_cm3.c 0x00000000   Number         0  core_cm3.o ABSOLUTE
    ..\\Lib\\CMSIS\\CM3\\DeviceSupport\\ST\\STM32F10x\\system_stm32f10x.c 0x00000000   Number         0  system_stm32f10x.o ABSOLUTE
    ..\\Lib\\STM32F10x_StdPeriph_Driver\\src\\misc.c 0x00000000   Number         0  misc.o ABSOLUTE
    ..\\Lib\\STM32F10x_StdPeriph_Driver\\src\\stm32f10x_exti.c 0x00000000   Number         0  stm32f10x_exti.o ABSOLUTE
    ..\\Lib\\STM32F10x_StdPeriph_Driver\\src\\stm32f10x_flash.c 0x00000000   Number         0  stm32f10x_flash.o ABSOLUTE
    ..\\Lib\\STM32F10x_StdPeriph_Driver\\src\\stm32f10x_gpio.c 0x00000000   Number         0  stm32f10x_gpio.o ABSOLUTE
    ..\\Lib\\STM32F10x_StdPeriph_Driver\\src\\stm32f10x_pwr.c 0x00000000   Number         0  stm32f10x_pwr.o ABSOLUTE
    ..\\Lib\\STM32F10x_StdPeriph_Driver\\src\\stm32f10x_rcc.c 0x00000000   Number         0  stm32f10x_rcc.o ABSOLUTE
    ..\\Lib\\STM32F10x_StdPeriph_Driver\\src\\stm32f10x_rtc.c 0x00000000   Number         0  stm32f10x_rtc.o ABSOLUTE
    ..\\Lib\\STM32F10x_StdPeriph_Driver\\src\\stm32f10x_spi.c 0x00000000   Number         0  stm32f10x_spi.o ABSOLUTE
    ..\\Lib\\STM32F10x_StdPeriph_Driver\\src\\stm32f10x_tim.c 0x00000000   Number         0  stm32f10x_tim.o ABSOLUTE
    ..\\Lib\\STM32F10x_StdPeriph_Driver\\src\\stm32f10x_usart.c 0x00000000   Number         0  stm32f10x_usart.o ABSOLUTE
    ..\\Lib\\STM32_USB-FS-Device_Driver\\src\\usb_core.c 0x00000000   Number         0  usb_core.o ABSOLUTE
    ..\\Lib\\STM32_USB-FS-Device_Driver\\src\\usb_init.c 0x00000000   Number         0  usb_init.o ABSOLUTE
    ..\\Lib\\STM32_USB-FS-Device_Driver\\src\\usb_int.c 0x00000000   Number         0  usb_int.o ABSOLUTE
    ..\\Lib\\STM32_USB-FS-Device_Driver\\src\\usb_mem.c 0x00000000   Number         0  usb_mem.o ABSOLUTE
    ..\\Lib\\STM32_USB-FS-Device_Driver\\src\\usb_regs.c 0x00000000   Number         0  usb_regs.o ABSOLUTE
    ..\\Lib\\STM32_USB-FS-Device_Driver\\src\\usb_sil.c 0x00000000   Number         0  usb_sil.o ABSOLUTE
    ..\\User\\USB\\hw_config.c               0x00000000   Number         0  hw_config.o ABSOLUTE
    ..\\User\\USB\\usb_desc.c                0x00000000   Number         0  usb_desc.o ABSOLUTE
    ..\\User\\USB\\usb_endp.c                0x00000000   Number         0  usb_endp.o ABSOLUTE
    ..\\User\\USB\\usb_istr.c                0x00000000   Number         0  usb_istr.o ABSOLUTE
    ..\\User\\USB\\usb_prop.c                0x00000000   Number         0  usb_prop.o ABSOLUTE
    ..\\User\\USB\\usb_pwr.c                 0x00000000   Number         0  usb_pwr.o ABSOLUTE
    ..\\User\\USB\\usbio.c                   0x00000000   Number         0  usbio.o ABSOLUTE
    ..\\User\\driver\\bsp_key.c              0x00000000   Number         0  bsp_key.o ABSOLUTE
    ..\\User\\driver\\bsp_led.c              0x00000000   Number         0  bsp_led.o ABSOLUTE
    ..\\User\\driver\\bsp_usart.c            0x00000000   Number         0  bsp_usart.o ABSOLUTE
    ..\\User\\main.c                         0x00000000   Number         0  main.o ABSOLUTE
    ..\\User\\stm32f10x_it.c                 0x00000000   Number         0  stm32f10x_it.o ABSOLUTE
    cdrcmple.s                               0x00000000   Number         0  cdrcmple.o ABSOLUTE
    dc.s                                     0x00000000   Number         0  dc.o ABSOLUTE
    handlers.s                               0x00000000   Number         0  handlers.o ABSOLUTE
    init.s                                   0x00000000   Number         0  init.o ABSOLUTE
    RESET                                    0x08000000   Section      304  startup_stm32f10x_hd.o(RESET)
    .ARM.Collect$$$$00000000                 0x08000130   Section        0  entry.o(.ARM.Collect$$$$00000000)
    .ARM.Collect$$$$00000001                 0x08000130   Section        4  entry2.o(.ARM.Collect$$$$00000001)
    .ARM.Collect$$$$00000004                 0x08000134   Section        4  entry5.o(.ARM.Collect$$$$00000004)
    .ARM.Collect$$$$00000008                 0x08000138   Section        0  entry7b.o(.ARM.Collect$$$$00000008)
    .ARM.Collect$$$$0000000A                 0x08000138   Section        0  entry8b.o(.ARM.Collect$$$$0000000A)
    .ARM.Collect$$$$0000000B                 0x08000138   Section        8  entry9a.o(.ARM.Collect$$$$0000000B)
    .ARM.Collect$$$$0000000D                 0x08000140   Section        0  entry10a.o(.ARM.Collect$$$$0000000D)
    .ARM.Collect$$$$0000000F                 0x08000140   Section        0  entry11a.o(.ARM.Collect$$$$0000000F)
    .ARM.Collect$$$$00002712                 0x08000140   Section        4  entry2.o(.ARM.Collect$$$$00002712)
    __lit__00000000                          0x08000140   Data           4  entry2.o(.ARM.Collect$$$$00002712)
    .text                                    0x08000144   Section       36  startup_stm32f10x_hd.o(.text)
    .text                                    0x08000168   Section       36  init.o(.text)
    i.BSP_KEY_Init                           0x0800018c   Section        0  bsp_key.o(i.BSP_KEY_Init)
    i.BSP_LED_Init                           0x080001b8   Section        0  bsp_led.o(i.BSP_LED_Init)
    i.BusFault_Handler                       0x080001e4   Section        0  stm32f10x_it.o(i.BusFault_Handler)
    i.ByteSwap                               0x080001e8   Section        0  usb_regs.o(i.ByteSwap)
    i.CTR_LP                                 0x080001f4   Section        0  usb_int.o(i.CTR_LP)
    i.ClearDTOG_RX                           0x0800047c   Section        0  usb_regs.o(i.ClearDTOG_RX)
    i.ClearDTOG_TX                           0x080004b0   Section        0  usb_regs.o(i.ClearDTOG_TX)
    i.Clear_Status_Out                       0x080004e4   Section        0  usb_regs.o(i.Clear_Status_Out)
    i.CustomHID_Data_Setup                   0x0800050c   Section        0  usb_prop.o(i.CustomHID_Data_Setup)
    i.CustomHID_GetConfigDescriptor          0x08000588   Section        0  usb_prop.o(i.CustomHID_GetConfigDescriptor)
    i.CustomHID_GetDeviceDescriptor          0x0800059c   Section        0  usb_prop.o(i.CustomHID_GetDeviceDescriptor)
    i.CustomHID_GetHIDDescriptor             0x080005b0   Section        0  usb_prop.o(i.CustomHID_GetHIDDescriptor)
    i.CustomHID_GetProtocolValue             0x080005c4   Section        0  usb_prop.o(i.CustomHID_GetProtocolValue)
    i.CustomHID_GetReportDescriptor          0x080005e0   Section        0  usb_prop.o(i.CustomHID_GetReportDescriptor)
    i.CustomHID_GetStringDescriptor          0x080005f4   Section        0  usb_prop.o(i.CustomHID_GetStringDescriptor)
    i.CustomHID_Get_Interface_Setting        0x0800061c   Section        0  usb_prop.o(i.CustomHID_Get_Interface_Setting)
    i.CustomHID_NoData_Setup                 0x08000634   Section        0  usb_prop.o(i.CustomHID_NoData_Setup)
    i.CustomHID_Reset                        0x08000658   Section        0  usb_prop.o(i.CustomHID_Reset)
    i.CustomHID_SetConfiguration             0x08000720   Section        0  usb_prop.o(i.CustomHID_SetConfiguration)
    i.CustomHID_SetDeviceAddress             0x08000738   Section        0  usb_prop.o(i.CustomHID_SetDeviceAddress)
    i.CustomHID_SetProtocol                  0x08000744   Section        0  usb_prop.o(i.CustomHID_SetProtocol)
    i.CustomHID_Status_In                    0x0800075c   Section        0  usb_prop.o(i.CustomHID_Status_In)
    i.CustomHID_Status_Out                   0x0800075e   Section        0  usb_prop.o(i.CustomHID_Status_Out)
    i.CustomHID_init                         0x08000760   Section        0  usb_prop.o(i.CustomHID_init)
    i.DataStageIn                            0x08000788   Section        0  usb_core.o(i.DataStageIn)
    DataStageIn                              0x08000789   Thumb Code   166  usb_core.o(i.DataStageIn)
    i.DataStageOut                           0x08000848   Section        0  usb_core.o(i.DataStageOut)
    DataStageOut                             0x08000849   Thumb Code   166  usb_core.o(i.DataStageOut)
    i.Data_Setup0                            0x08000904   Section        0  usb_core.o(i.Data_Setup0)
    Data_Setup0                              0x08000905   Thumb Code   628  usb_core.o(i.Data_Setup0)
    i.DebugMon_Handler                       0x08000b9c   Section        0  stm32f10x_it.o(i.DebugMon_Handler)
    i.EP1_IN_Callback                        0x08000b9e   Section        0  usb_endp.o(i.EP1_IN_Callback)
    i.EP1_OUT_Callback                       0x08000ba0   Section        0  usb_endp.o(i.EP1_OUT_Callback)
    i.EP2_IN_Callback                        0x08000bc8   Section        0  usb_endp.o(i.EP2_IN_Callback)
    i.Enter_LowPowerMode                     0x08000bca   Section        0  hw_config.o(i.Enter_LowPowerMode)
    i.FLASH_PrefetchBufferCmd                0x08000bcc   Section        0  stm32f10x_flash.o(i.FLASH_PrefetchBufferCmd)
    i.FLASH_SetLatency                       0x08000be8   Section        0  stm32f10x_flash.o(i.FLASH_SetLatency)
    i.GPIO_AINConfig                         0x08000c00   Section        0  hw_config.o(i.GPIO_AINConfig)
    i.GPIO_Init                              0x08000c02   Section        0  stm32f10x_gpio.o(i.GPIO_Init)
    i.GPIO_ResetBits                         0x08000d18   Section        0  stm32f10x_gpio.o(i.GPIO_ResetBits)
    i.GPIO_SetBits                           0x08000d1c   Section        0  stm32f10x_gpio.o(i.GPIO_SetBits)
    i.GetEPRxAddr                            0x08000d20   Section        0  usb_regs.o(i.GetEPRxAddr)
    i.GetEPTxAddr                            0x08000d40   Section        0  usb_regs.o(i.GetEPTxAddr)
    i.Get_SerialNum                          0x08000d60   Section        0  hw_config.o(i.Get_SerialNum)
    i.HardFault_Handler                      0x08000d94   Section        0  stm32f10x_it.o(i.HardFault_Handler)
    i.In0_Process                            0x08000d98   Section        0  usb_core.o(i.In0_Process)
    i.IntToUnicode                           0x08000e08   Section        0  hw_config.o(i.IntToUnicode)
    IntToUnicode                             0x08000e09   Thumb Code    62  hw_config.o(i.IntToUnicode)
    i.Leave_LowPowerMode                     0x08000e46   Section        0  hw_config.o(i.Leave_LowPowerMode)
    i.MemManage_Handler                      0x08000e48   Section        0  stm32f10x_it.o(i.MemManage_Handler)
    i.NMI_Handler                            0x08000e4c   Section        0  stm32f10x_it.o(i.NMI_Handler)
    i.NOP_Process                            0x08000e4e   Section        0  usb_core.o(i.NOP_Process)
    i.NVIC_Init                              0x08000e50   Section        0  misc.o(i.NVIC_Init)
    i.NVIC_PriorityGroupConfig               0x08000ec0   Section        0  misc.o(i.NVIC_PriorityGroupConfig)
    i.NoData_Setup0                          0x08000ed4   Section        0  usb_core.o(i.NoData_Setup0)
    NoData_Setup0                            0x08000ed5   Thumb Code   290  usb_core.o(i.NoData_Setup0)
    i.Out0_Process                           0x0800100c   Section        0  usb_core.o(i.Out0_Process)
    i.PMAToUserBufferCopy                    0x0800105c   Section        0  usb_mem.o(i.PMAToUserBufferCopy)
    i.PendSV_Handler                         0x08001084   Section        0  stm32f10x_it.o(i.PendSV_Handler)
    i.Post0_Process                          0x08001088   Section        0  usb_core.o(i.Post0_Process)
    i.PowerOn                                0x080010d0   Section        0  usb_pwr.o(i.PowerOn)
    i.RCC_APB1PeriphClockCmd                 0x08001110   Section        0  stm32f10x_rcc.o(i.RCC_APB1PeriphClockCmd)
    i.RCC_APB2PeriphClockCmd                 0x08001130   Section        0  stm32f10x_rcc.o(i.RCC_APB2PeriphClockCmd)
    i.RCC_DeInit                             0x08001150   Section        0  stm32f10x_rcc.o(i.RCC_DeInit)
    i.RCC_GetFlagStatus                      0x0800119c   Section        0  stm32f10x_rcc.o(i.RCC_GetFlagStatus)
    i.RCC_GetSYSCLKSource                    0x080011d8   Section        0  stm32f10x_rcc.o(i.RCC_GetSYSCLKSource)
    i.RCC_HCLKConfig                         0x080011e8   Section        0  stm32f10x_rcc.o(i.RCC_HCLKConfig)
    i.RCC_HSEConfig                          0x08001200   Section        0  stm32f10x_rcc.o(i.RCC_HSEConfig)
    i.RCC_PCLK1Config                        0x0800124c   Section        0  stm32f10x_rcc.o(i.RCC_PCLK1Config)
    i.RCC_PCLK2Config                        0x08001264   Section        0  stm32f10x_rcc.o(i.RCC_PCLK2Config)
    i.RCC_PLLCmd                             0x0800127c   Section        0  stm32f10x_rcc.o(i.RCC_PLLCmd)
    i.RCC_PLLConfig                          0x08001288   Section        0  stm32f10x_rcc.o(i.RCC_PLLConfig)
    i.RCC_SYSCLKConfig                       0x080012a4   Section        0  stm32f10x_rcc.o(i.RCC_SYSCLKConfig)
    i.RCC_USBCLKConfig                       0x080012bc   Section        0  stm32f10x_rcc.o(i.RCC_USBCLKConfig)
    i.RCC_WaitForHSEStartUp                  0x080012c8   Section        0  stm32f10x_rcc.o(i.RCC_WaitForHSEStartUp)
    i.RTC_IRQHandler                         0x08001300   Section        0  stm32f10x_it.o(i.RTC_IRQHandler)
    i.Resume                                 0x08001304   Section        0  usb_pwr.o(i.Resume)
    i.Resume_Init                            0x080013b4   Section        0  usb_pwr.o(i.Resume_Init)
    i.SVC_Handler                            0x080013d8   Section        0  stm32f10x_it.o(i.SVC_Handler)
    i.SetBTABLE                              0x080013dc   Section        0  usb_regs.o(i.SetBTABLE)
    i.SetDeviceAddress                       0x080013ec   Section        0  usb_core.o(i.SetDeviceAddress)
    i.SetEPRxAddr                            0x0800143c   Section        0  usb_regs.o(i.SetEPRxAddr)
    i.SetEPRxCount                           0x08001460   Section        0  usb_regs.o(i.SetEPRxCount)
    i.SetEPRxStatus                          0x080014ac   Section        0  usb_regs.o(i.SetEPRxStatus)
    i.SetEPRxValid                           0x080014ec   Section        0  usb_regs.o(i.SetEPRxValid)
    i.SetEPTxAddr                            0x08001520   Section        0  usb_regs.o(i.SetEPTxAddr)
    i.SetEPTxCount                           0x08001540   Section        0  usb_regs.o(i.SetEPTxCount)
    i.SetEPTxStatus                          0x0800155c   Section        0  usb_regs.o(i.SetEPTxStatus)
    i.SetEPTxValid                           0x0800159c   Section        0  usb_regs.o(i.SetEPTxValid)
    i.SetEPType                              0x080015d0   Section        0  usb_regs.o(i.SetEPType)
    i.SetSysClock                            0x080015f4   Section        0  system_stm32f10x.o(i.SetSysClock)
    SetSysClock                              0x080015f5   Thumb Code     8  system_stm32f10x.o(i.SetSysClock)
    i.SetSysClockTo72                        0x080015fc   Section        0  system_stm32f10x.o(i.SetSysClockTo72)
    SetSysClockTo72                          0x080015fd   Thumb Code   214  system_stm32f10x.o(i.SetSysClockTo72)
    i.Set_System                             0x080016dc   Section        0  hw_config.o(i.Set_System)
    i.Set_USBClock                           0x08001768   Section        0  hw_config.o(i.Set_USBClock)
    i.Setup0_Process                         0x0800177c   Section        0  usb_core.o(i.Setup0_Process)
    i.Standard_ClearFeature                  0x08001834   Section        0  usb_core.o(i.Standard_ClearFeature)
    i.Standard_GetConfiguration              0x080019a0   Section        0  usb_core.o(i.Standard_GetConfiguration)
    i.Standard_GetDescriptorData             0x080019cc   Section        0  usb_core.o(i.Standard_GetDescriptorData)
    i.Standard_GetInterface                  0x080019f0   Section        0  usb_core.o(i.Standard_GetInterface)
    i.Standard_GetStatus                     0x08001a1c   Section        0  usb_core.o(i.Standard_GetStatus)
    i.Standard_SetConfiguration              0x08001b1c   Section        0  usb_core.o(i.Standard_SetConfiguration)
    i.Standard_SetDeviceFeature              0x08001b64   Section        0  usb_core.o(i.Standard_SetDeviceFeature)
    i.Standard_SetEndPointFeature            0x08001b8c   Section        0  usb_core.o(i.Standard_SetEndPointFeature)
    i.Standard_SetInterface                  0x08001c5c   Section        0  usb_core.o(i.Standard_SetInterface)
    i.Suspend                                0x08001cc8   Section        0  usb_pwr.o(i.Suspend)
    i.SysTick_Handler                        0x08001cf0   Section        0  stm32f10x_it.o(i.SysTick_Handler)
    i.SystemInit                             0x08001cfc   Section        0  system_stm32f10x.o(i.SystemInit)
    i.USART1_IRQHandler                      0x08001d5c   Section        0  bsp_usart.o(i.USART1_IRQHandler)
    i.USART3_IRQHandler                      0x08001db8   Section        0  stm32f10x_it.o(i.USART3_IRQHandler)
    i.USART_ClearITPendingBit                0x08001dba   Section        0  stm32f10x_usart.o(i.USART_ClearITPendingBit)
    i.USART_GetITStatus                      0x08001dd8   Section        0  stm32f10x_usart.o(i.USART_GetITStatus)
    i.USB_Cable_Config                       0x08001e2c   Section        0  hw_config.o(i.USB_Cable_Config)
    i.USB_GetData                            0x08001e50   Section        0  usbio.o(i.USB_GetData)
    i.USB_Init                               0x08001e74   Section        0  usb_init.o(i.USB_Init)
    i.USB_Interrupts_Config                  0x08001eb0   Section        0  hw_config.o(i.USB_Interrupts_Config)
    i.USB_Istr                               0x08001edc   Section        0  usb_istr.o(i.USB_Istr)
    i.USB_LP_CAN1_RX0_IRQHandler             0x08001fd4   Section        0  stm32f10x_it.o(i.USB_LP_CAN1_RX0_IRQHandler)
    i.USB_SIL_Init                           0x08001fdc   Section        0  usb_sil.o(i.USB_SIL_Init)
    i.USB_SendData                           0x08002000   Section        0  usbio.o(i.USB_SendData)
    i.UsageFault_Handler                     0x08002024   Section        0  stm32f10x_it.o(i.UsageFault_Handler)
    i.UserToPMABufferCopy                    0x08002028   Section        0  usb_mem.o(i.UserToPMABufferCopy)
    i.__0sprintf$bare                        0x08002060   Section        0  printfb.o(i.__0sprintf$bare)
    i.__scatterload_copy                     0x08002084   Section       14  handlers.o(i.__scatterload_copy)
    i.__scatterload_null                     0x08002092   Section        2  handlers.o(i.__scatterload_null)
    i.__scatterload_zeroinit                 0x08002094   Section       14  handlers.o(i.__scatterload_zeroinit)
    i._printf_core                           0x080020a2   Section        0  printfb.o(i._printf_core)
    _printf_core                             0x080020a3   Thumb Code    34  printfb.o(i._printf_core)
    i._sputc                                 0x080020c4   Section        0  printfb.o(i._sputc)
    _sputc                                   0x080020c5   Thumb Code    10  printfb.o(i._sputc)
    i.main                                   0x080020d0   Section        0  main.o(i.main)
    .constdata                               0x0800215c   Section      140  usb_desc.o(.constdata)
    .conststring                             0x080021e8   Section      133  main.o(.conststring)
    .data                                    0x20000000   Section       10  bsp_usart.o(.data)
    .data                                    0x2000000a   Section        1  hw_config.o(.data)
    .data                                    0x2000000b   Section       26  usb_desc.o(.data)
    .data                                    0x20000025   Section        1  usb_endp.o(.data)
    .data                                    0x20000028   Section       60  usb_istr.o(.data)
    .data                                    0x20000064   Section      156  usb_prop.o(.data)
    .data                                    0x20000100   Section        7  usb_pwr.o(.data)
    .data                                    0x20000108   Section        3  usb_core.o(.data)
    .data                                    0x2000010c   Section       20  usb_init.o(.data)
    .data                                    0x20000120   Section        4  usb_int.o(.data)
    .bss                                     0x20000124   Section      128  usb_endp.o(.bss)
    .bss                                     0x200001a4   Section       28  usb_init.o(.bss)
    STACK                                    0x200001c0   Section     1024  startup_stm32f10x_hd.o(STACK)

    Global Symbols

    Symbol Name                              Value     Ov Type        Size  Object(Section)

    BuildAttributes$$THM_ISAv4$P$D$K$B$S$PE$A:L22UL41UL21$X:L11$S22US41US21$IEEE1$IW$USESV6$~STKCKD$USESV7$~SHL$OSPACE$ROPI$EBA8$MICROLIB$REQ8$PRES8$EABIv2 0x00000000   Number         0  anon$$obj.o ABSOLUTE
    __ARM_use_no_argv                        0x00000000   Number         0  main.o ABSOLUTE
    __cpp_initialize__aeabi_                  - Undefined Weak Reference
    __cxa_finalize                            - Undefined Weak Reference
    __decompress                              - Undefined Weak Reference
    _clock_init                               - Undefined Weak Reference
    _microlib_exit                            - Undefined Weak Reference
    __Vectors_Size                           0x00000130   Number         0  startup_stm32f10x_hd.o ABSOLUTE
    __Vectors                                0x08000000   Data           4  startup_stm32f10x_hd.o(RESET)
    __Vectors_End                            0x08000130   Data           0  startup_stm32f10x_hd.o(RESET)
    __main                                   0x08000131   Thumb Code     0  entry.o(.ARM.Collect$$$$00000000)
    _main_stk                                0x08000131   Thumb Code     0  entry2.o(.ARM.Collect$$$$00000001)
    _main_scatterload                        0x08000135   Thumb Code     0  entry5.o(.ARM.Collect$$$$00000004)
    __main_after_scatterload                 0x08000139   Thumb Code     0  entry5.o(.ARM.Collect$$$$00000004)
    _main_clock                              0x08000139   Thumb Code     0  entry7b.o(.ARM.Collect$$$$00000008)
    _main_cpp_init                           0x08000139   Thumb Code     0  entry8b.o(.ARM.Collect$$$$0000000A)
    _main_init                               0x08000139   Thumb Code     0  entry9a.o(.ARM.Collect$$$$0000000B)
    __rt_final_cpp                           0x08000141   Thumb Code     0  entry10a.o(.ARM.Collect$$$$0000000D)
    __rt_final_exit                          0x08000141   Thumb Code     0  entry11a.o(.ARM.Collect$$$$0000000F)
    Reset_Handler                            0x08000145   Thumb Code     8  startup_stm32f10x_hd.o(.text)
    ADC1_2_IRQHandler                        0x0800015f   Thumb Code     0  startup_stm32f10x_hd.o(.text)
    ADC3_IRQHandler                          0x0800015f   Thumb Code     0  startup_stm32f10x_hd.o(.text)
    CAN1_RX1_IRQHandler                      0x0800015f   Thumb Code     0  startup_stm32f10x_hd.o(.text)
    CAN1_SCE_IRQHandler                      0x0800015f   Thumb Code     0  startup_stm32f10x_hd.o(.text)
    DMA1_Channel1_IRQHandler                 0x0800015f   Thumb Code     0  startup_stm32f10x_hd.o(.text)
    DMA1_Channel2_IRQHandler                 0x0800015f   Thumb Code     0  startup_stm32f10x_hd.o(.text)
    DMA1_Channel3_IRQHandler                 0x0800015f   Thumb Code     0  startup_stm32f10x_hd.o(.text)
    DMA1_Channel4_IRQHandler                 0x0800015f   Thumb Code     0  startup_stm32f10x_hd.o(.text)
    DMA1_Channel5_IRQHandler                 0x0800015f   Thumb Code     0  startup_stm32f10x_hd.o(.text)
    DMA1_Channel6_IRQHandler                 0x0800015f   Thumb Code     0  startup_stm32f10x_hd.o(.text)
    DMA1_Channel7_IRQHandler                 0x0800015f   Thumb Code     0  startup_stm32f10x_hd.o(.text)
    DMA2_Channel1_IRQHandler                 0x0800015f   Thumb Code     0  startup_stm32f10x_hd.o(.text)
    DMA2_Channel2_IRQHandler                 0x0800015f   Thumb Code     0  startup_stm32f10x_hd.o(.text)
    DMA2_Channel3_IRQHandler                 0x0800015f   Thumb Code     0  startup_stm32f10x_hd.o(.text)
    DMA2_Channel4_5_IRQHandler               0x0800015f   Thumb Code     0  startup_stm32f10x_hd.o(.text)
    EXTI0_IRQHandler                         0x0800015f   Thumb Code     0  startup_stm32f10x_hd.o(.text)
    EXTI15_10_IRQHandler                     0x0800015f   Thumb Code     0  startup_stm32f10x_hd.o(.text)
    EXTI1_IRQHandler                         0x0800015f   Thumb Code     0  startup_stm32f10x_hd.o(.text)
    EXTI2_IRQHandler                         0x0800015f   Thumb Code     0  startup_stm32f10x_hd.o(.text)
    EXTI3_IRQHandler                         0x0800015f   Thumb Code     0  startup_stm32f10x_hd.o(.text)
    EXTI4_IRQHandler                         0x0800015f   Thumb Code     0  startup_stm32f10x_hd.o(.text)
    EXTI9_5_IRQHandler                       0x0800015f   Thumb Code     0  startup_stm32f10x_hd.o(.text)
    FLASH_IRQHandler                         0x0800015f   Thumb Code     0  startup_stm32f10x_hd.o(.text)
    FSMC_IRQHandler                          0x0800015f   Thumb Code     0  startup_stm32f10x_hd.o(.text)
    I2C1_ER_IRQHandler                       0x0800015f   Thumb Code     0  startup_stm32f10x_hd.o(.text)
    I2C1_EV_IRQHandler                       0x0800015f   Thumb Code     0  startup_stm32f10x_hd.o(.text)
    I2C2_ER_IRQHandler                       0x0800015f   Thumb Code     0  startup_stm32f10x_hd.o(.text)
    I2C2_EV_IRQHandler                       0x0800015f   Thumb Code     0  startup_stm32f10x_hd.o(.text)
    PVD_IRQHandler                           0x0800015f   Thumb Code     0  startup_stm32f10x_hd.o(.text)
    RCC_IRQHandler                           0x0800015f   Thumb Code     0  startup_stm32f10x_hd.o(.text)
    RTCAlarm_IRQHandler                      0x0800015f   Thumb Code     0  startup_stm32f10x_hd.o(.text)
    SDIO_IRQHandler                          0x0800015f   Thumb Code     0  startup_stm32f10x_hd.o(.text)
    SPI1_IRQHandler                          0x0800015f   Thumb Code     0  startup_stm32f10x_hd.o(.text)
    SPI2_IRQHandler                          0x0800015f   Thumb Code     0  startup_stm32f10x_hd.o(.text)
    SPI3_IRQHandler                          0x0800015f   Thumb Code     0  startup_stm32f10x_hd.o(.text)
    TAMPER_IRQHandler                        0x0800015f   Thumb Code     0  startup_stm32f10x_hd.o(.text)
    TIM1_BRK_IRQHandler                      0x0800015f   Thumb Code     0  startup_stm32f10x_hd.o(.text)
    TIM1_CC_IRQHandler                       0x0800015f   Thumb Code     0  startup_stm32f10x_hd.o(.text)
    TIM1_TRG_COM_IRQHandler                  0x0800015f   Thumb Code     0  startup_stm32f10x_hd.o(.text)
    TIM1_UP_IRQHandler                       0x0800015f   Thumb Code     0  startup_stm32f10x_hd.o(.text)
    TIM2_IRQHandler                          0x0800015f   Thumb Code     0  startup_stm32f10x_hd.o(.text)
    TIM3_IRQHandler                          0x0800015f   Thumb Code     0  startup_stm32f10x_hd.o(.text)
    TIM4_IRQHandler                          0x0800015f   Thumb Code     0  startup_stm32f10x_hd.o(.text)
    TIM5_IRQHandler                          0x0800015f   Thumb Code     0  startup_stm32f10x_hd.o(.text)
    TIM6_IRQHandler                          0x0800015f   Thumb Code     0  startup_stm32f10x_hd.o(.text)
    TIM7_IRQHandler                          0x0800015f   Thumb Code     0  startup_stm32f10x_hd.o(.text)
    TIM8_BRK_IRQHandler                      0x0800015f   Thumb Code     0  startup_stm32f10x_hd.o(.text)
    TIM8_CC_IRQHandler                       0x0800015f   Thumb Code     0  startup_stm32f10x_hd.o(.text)
    TIM8_TRG_COM_IRQHandler                  0x0800015f   Thumb Code     0  startup_stm32f10x_hd.o(.text)
    TIM8_UP_IRQHandler                       0x0800015f   Thumb Code     0  startup_stm32f10x_hd.o(.text)
    UART4_IRQHandler                         0x0800015f   Thumb Code     0  startup_stm32f10x_hd.o(.text)
    UART5_IRQHandler                         0x0800015f   Thumb Code     0  startup_stm32f10x_hd.o(.text)
    USART2_IRQHandler                        0x0800015f   Thumb Code     0  startup_stm32f10x_hd.o(.text)
    USBWakeUp_IRQHandler                     0x0800015f   Thumb Code     0  startup_stm32f10x_hd.o(.text)
    USB_HP_CAN1_TX_IRQHandler                0x0800015f   Thumb Code     0  startup_stm32f10x_hd.o(.text)
    WWDG_IRQHandler                          0x0800015f   Thumb Code     0  startup_stm32f10x_hd.o(.text)
    __scatterload                            0x08000169   Thumb Code    28  init.o(.text)
    __scatterload_rt2                        0x08000169   Thumb Code     0  init.o(.text)
    BSP_KEY_Init                             0x0800018d   Thumb Code    38  bsp_key.o(i.BSP_KEY_Init)
    BSP_LED_Init                             0x080001b9   Thumb Code    38  bsp_led.o(i.BSP_LED_Init)
    BusFault_Handler                         0x080001e5   Thumb Code     4  stm32f10x_it.o(i.BusFault_Handler)
    ByteSwap                                 0x080001e9   Thumb Code    12  usb_regs.o(i.ByteSwap)
    CTR_LP                                   0x080001f5   Thumb Code   616  usb_int.o(i.CTR_LP)
    ClearDTOG_RX                             0x0800047d   Thumb Code    48  usb_regs.o(i.ClearDTOG_RX)
    ClearDTOG_TX                             0x080004b1   Thumb Code    48  usb_regs.o(i.ClearDTOG_TX)
    Clear_Status_Out                         0x080004e5   Thumb Code    34  usb_regs.o(i.Clear_Status_Out)
    CustomHID_Data_Setup                     0x0800050d   Thumb Code   108  usb_prop.o(i.CustomHID_Data_Setup)
    CustomHID_GetConfigDescriptor            0x08000589   Thumb Code    14  usb_prop.o(i.CustomHID_GetConfigDescriptor)
    CustomHID_GetDeviceDescriptor            0x0800059d   Thumb Code    14  usb_prop.o(i.CustomHID_GetDeviceDescriptor)
    CustomHID_GetHIDDescriptor               0x080005b1   Thumb Code    14  usb_prop.o(i.CustomHID_GetHIDDescriptor)
    CustomHID_GetProtocolValue               0x080005c5   Thumb Code    20  usb_prop.o(i.CustomHID_GetProtocolValue)
    CustomHID_GetReportDescriptor            0x080005e1   Thumb Code    14  usb_prop.o(i.CustomHID_GetReportDescriptor)
    CustomHID_GetStringDescriptor            0x080005f5   Thumb Code    32  usb_prop.o(i.CustomHID_GetStringDescriptor)
    CustomHID_Get_Interface_Setting          0x0800061d   Thumb Code    22  usb_prop.o(i.CustomHID_Get_Interface_Setting)
    CustomHID_NoData_Setup                   0x08000635   Thumb Code    32  usb_prop.o(i.CustomHID_NoData_Setup)
    CustomHID_Reset                          0x08000659   Thumb Code   182  usb_prop.o(i.CustomHID_Reset)
    CustomHID_SetConfiguration               0x08000721   Thumb Code    14  usb_prop.o(i.CustomHID_SetConfiguration)
    CustomHID_SetDeviceAddress               0x08000739   Thumb Code     8  usb_prop.o(i.CustomHID_SetDeviceAddress)
    CustomHID_SetProtocol                    0x08000745   Thumb Code    14  usb_prop.o(i.CustomHID_SetProtocol)
    CustomHID_Status_In                      0x0800075d   Thumb Code     2  usb_prop.o(i.CustomHID_Status_In)
    CustomHID_Status_Out                     0x0800075f   Thumb Code     2  usb_prop.o(i.CustomHID_Status_Out)
    CustomHID_init                           0x08000761   Thumb Code    30  usb_prop.o(i.CustomHID_init)
    DebugMon_Handler                         0x08000b9d   Thumb Code     2  stm32f10x_it.o(i.DebugMon_Handler)
    EP1_IN_Callback                          0x08000b9f   Thumb Code     2  usb_endp.o(i.EP1_IN_Callback)
    EP1_OUT_Callback                         0x08000ba1   Thumb Code    30  usb_endp.o(i.EP1_OUT_Callback)
    EP2_IN_Callback                          0x08000bc9   Thumb Code     2  usb_endp.o(i.EP2_IN_Callback)
    Enter_LowPowerMode                       0x08000bcb   Thumb Code     2  hw_config.o(i.Enter_LowPowerMode)
    FLASH_PrefetchBufferCmd                  0x08000bcd   Thumb Code    22  stm32f10x_flash.o(i.FLASH_PrefetchBufferCmd)
    FLASH_SetLatency                         0x08000be9   Thumb Code    18  stm32f10x_flash.o(i.FLASH_SetLatency)
    GPIO_AINConfig                           0x08000c01   Thumb Code     2  hw_config.o(i.GPIO_AINConfig)
    GPIO_Init                                0x08000c03   Thumb Code   278  stm32f10x_gpio.o(i.GPIO_Init)
    GPIO_ResetBits                           0x08000d19   Thumb Code     4  stm32f10x_gpio.o(i.GPIO_ResetBits)
    GPIO_SetBits                             0x08000d1d   Thumb Code     4  stm32f10x_gpio.o(i.GPIO_SetBits)
    GetEPRxAddr                              0x08000d21   Thumb Code    24  usb_regs.o(i.GetEPRxAddr)
    GetEPTxAddr                              0x08000d41   Thumb Code    22  usb_regs.o(i.GetEPTxAddr)
    Get_SerialNum                            0x08000d61   Thumb Code    42  hw_config.o(i.Get_SerialNum)
    HardFault_Handler                        0x08000d95   Thumb Code     4  stm32f10x_it.o(i.HardFault_Handler)
    In0_Process                              0x08000d99   Thumb Code    98  usb_core.o(i.In0_Process)
    Leave_LowPowerMode                       0x08000e47   Thumb Code     2  hw_config.o(i.Leave_LowPowerMode)
    MemManage_Handler                        0x08000e49   Thumb Code     4  stm32f10x_it.o(i.MemManage_Handler)
    NMI_Handler                              0x08000e4d   Thumb Code     2  stm32f10x_it.o(i.NMI_Handler)
    NOP_Process                              0x08000e4f   Thumb Code     2  usb_core.o(i.NOP_Process)
    NVIC_Init                                0x08000e51   Thumb Code   100  misc.o(i.NVIC_Init)
    NVIC_PriorityGroupConfig                 0x08000ec1   Thumb Code    10  misc.o(i.NVIC_PriorityGroupConfig)
    Out0_Process                             0x0800100d   Thumb Code    70  usb_core.o(i.Out0_Process)
    PMAToUserBufferCopy                      0x0800105d   Thumb Code    34  usb_mem.o(i.PMAToUserBufferCopy)
    PendSV_Handler                           0x08001085   Thumb Code     2  stm32f10x_it.o(i.PendSV_Handler)
    Post0_Process                            0x08001089   Thumb Code    54  usb_core.o(i.Post0_Process)
    PowerOn                                  0x080010d1   Thumb Code    54  usb_pwr.o(i.PowerOn)
    RCC_APB1PeriphClockCmd                   0x08001111   Thumb Code    26  stm32f10x_rcc.o(i.RCC_APB1PeriphClockCmd)
    RCC_APB2PeriphClockCmd                   0x08001131   Thumb Code    26  stm32f10x_rcc.o(i.RCC_APB2PeriphClockCmd)
    RCC_DeInit                               0x08001151   Thumb Code    64  stm32f10x_rcc.o(i.RCC_DeInit)
    RCC_GetFlagStatus                        0x0800119d   Thumb Code    56  stm32f10x_rcc.o(i.RCC_GetFlagStatus)
    RCC_GetSYSCLKSource                      0x080011d9   Thumb Code    10  stm32f10x_rcc.o(i.RCC_GetSYSCLKSource)
    RCC_HCLKConfig                           0x080011e9   Thumb Code    18  stm32f10x_rcc.o(i.RCC_HCLKConfig)
    RCC_HSEConfig                            0x08001201   Thumb Code    70  stm32f10x_rcc.o(i.RCC_HSEConfig)
    RCC_PCLK1Config                          0x0800124d   Thumb Code    18  stm32f10x_rcc.o(i.RCC_PCLK1Config)
    RCC_PCLK2Config                          0x08001265   Thumb Code    20  stm32f10x_rcc.o(i.RCC_PCLK2Config)
    RCC_PLLCmd                               0x0800127d   Thumb Code     6  stm32f10x_rcc.o(i.RCC_PLLCmd)
    RCC_PLLConfig                            0x08001289   Thumb Code    24  stm32f10x_rcc.o(i.RCC_PLLConfig)
    RCC_SYSCLKConfig                         0x080012a5   Thumb Code    18  stm32f10x_rcc.o(i.RCC_SYSCLKConfig)
    RCC_USBCLKConfig                         0x080012bd   Thumb Code     6  stm32f10x_rcc.o(i.RCC_USBCLKConfig)
    RCC_WaitForHSEStartUp                    0x080012c9   Thumb Code    56  stm32f10x_rcc.o(i.RCC_WaitForHSEStartUp)
    RTC_IRQHandler                           0x08001301   Thumb Code     2  stm32f10x_it.o(i.RTC_IRQHandler)
    Resume                                   0x08001305   Thumb Code   168  usb_pwr.o(i.Resume)
    Resume_Init                              0x080013b5   Thumb Code    30  usb_pwr.o(i.Resume_Init)
    SVC_Handler                              0x080013d9   Thumb Code     2  stm32f10x_it.o(i.SVC_Handler)
    SetBTABLE                                0x080013dd   Thumb Code    12  usb_regs.o(i.SetBTABLE)
    SetDeviceAddress                         0x080013ed   Thumb Code    68  usb_core.o(i.SetDeviceAddress)
    SetEPRxAddr                              0x0800143d   Thumb Code    26  usb_regs.o(i.SetEPRxAddr)
    SetEPRxCount                             0x08001461   Thumb Code    68  usb_regs.o(i.SetEPRxCount)
    SetEPRxStatus                            0x080014ad   Thumb Code    60  usb_regs.o(i.SetEPRxStatus)
    SetEPRxValid                             0x080014ed   Thumb Code    48  usb_regs.o(i.SetEPRxValid)
    SetEPTxAddr                              0x08001521   Thumb Code    24  usb_regs.o(i.SetEPTxAddr)
    SetEPTxCount                             0x08001541   Thumb Code    20  usb_regs.o(i.SetEPTxCount)
    SetEPTxStatus                            0x0800155d   Thumb Code    60  usb_regs.o(i.SetEPTxStatus)
    SetEPTxValid                             0x0800159d   Thumb Code    48  usb_regs.o(i.SetEPTxValid)
    SetEPType                                0x080015d1   Thumb Code    32  usb_regs.o(i.SetEPType)
    Set_System                               0x080016dd   Thumb Code   136  hw_config.o(i.Set_System)
    Set_USBClock                             0x08001769   Thumb Code    18  hw_config.o(i.Set_USBClock)
    Setup0_Process                           0x0800177d   Thumb Code   170  usb_core.o(i.Setup0_Process)
    Standard_ClearFeature                    0x08001835   Thumb Code   342  usb_core.o(i.Standard_ClearFeature)
    Standard_GetConfiguration                0x080019a1   Thumb Code    34  usb_core.o(i.Standard_GetConfiguration)
    Standard_GetDescriptorData               0x080019cd   Thumb Code    32  usb_core.o(i.Standard_GetDescriptorData)
    Standard_GetInterface                    0x080019f1   Thumb Code    34  usb_core.o(i.Standard_GetInterface)
    Standard_GetStatus                       0x08001a1d   Thumb Code   238  usb_core.o(i.Standard_GetStatus)
    Standard_SetConfiguration                0x08001b1d   Thumb Code    60  usb_core.o(i.Standard_SetConfiguration)
    Standard_SetDeviceFeature                0x08001b65   Thumb Code    30  usb_core.o(i.Standard_SetDeviceFeature)
    Standard_SetEndPointFeature              0x08001b8d   Thumb Code   192  usb_core.o(i.Standard_SetEndPointFeature)
    Standard_SetInterface                    0x08001c5d   Thumb Code    96  usb_core.o(i.Standard_SetInterface)
    Suspend                                  0x08001cc9   Thumb Code    34  usb_pwr.o(i.Suspend)
    SysTick_Handler                          0x08001cf1   Thumb Code    10  stm32f10x_it.o(i.SysTick_Handler)
    SystemInit                               0x08001cfd   Thumb Code    78  system_stm32f10x.o(i.SystemInit)
    USART1_IRQHandler                        0x08001d5d   Thumb Code    70  bsp_usart.o(i.USART1_IRQHandler)
    USART3_IRQHandler                        0x08001db9   Thumb Code     2  stm32f10x_it.o(i.USART3_IRQHandler)
    USART_ClearITPendingBit                  0x08001dbb   Thumb Code    30  stm32f10x_usart.o(i.USART_ClearITPendingBit)
    USART_GetITStatus                        0x08001dd9   Thumb Code    84  stm32f10x_usart.o(i.USART_GetITStatus)
    USB_Cable_Config                         0x08001e2d   Thumb Code    30  hw_config.o(i.USB_Cable_Config)
    USB_GetData                              0x08001e51   Thumb Code    32  usbio.o(i.USB_GetData)
    USB_Init                                 0x08001e75   Thumb Code    36  usb_init.o(i.USB_Init)
    USB_Interrupts_Config                    0x08001eb1   Thumb Code    42  hw_config.o(i.USB_Interrupts_Config)
    USB_Istr                                 0x08001edd   Thumb Code   222  usb_istr.o(i.USB_Istr)
    USB_LP_CAN1_RX0_IRQHandler               0x08001fd5   Thumb Code     8  stm32f10x_it.o(i.USB_LP_CAN1_RX0_IRQHandler)
    USB_SIL_Init                             0x08001fdd   Thumb Code    28  usb_sil.o(i.USB_SIL_Init)
    USB_SendData                             0x08002001   Thumb Code    36  usbio.o(i.USB_SendData)
    UsageFault_Handler                       0x08002025   Thumb Code     4  stm32f10x_it.o(i.UsageFault_Handler)
    UserToPMABufferCopy                      0x08002029   Thumb Code    52  usb_mem.o(i.UserToPMABufferCopy)
    __0sprintf$bare                          0x08002061   Thumb Code    32  printfb.o(i.__0sprintf$bare)
    __1sprintf$bare                          0x08002061   Thumb Code     0  printfb.o(i.__0sprintf$bare)
    __2sprintf                               0x08002061   Thumb Code     0  printfb.o(i.__0sprintf$bare)
    __scatterload_copy                       0x08002085   Thumb Code    14  handlers.o(i.__scatterload_copy)
    __scatterload_null                       0x08002093   Thumb Code     2  handlers.o(i.__scatterload_null)
    __scatterload_zeroinit                   0x08002095   Thumb Code    14  handlers.o(i.__scatterload_zeroinit)
    main                                     0x080020d1   Thumb Code   122  main.o(i.main)
    CustomHID_DeviceDescriptor               0x0800215c   Data          18  usb_desc.o(.constdata)
    CustomHID_ConfigDescriptor               0x0800216e   Data          41  usb_desc.o(.constdata)
    CustomHID_ReportDescriptor               0x08002197   Data          33  usb_desc.o(.constdata)
    CustomHID_StringLangID                   0x080021b8   Data           4  usb_desc.o(.constdata)
    CustomHID_StringVendor                   0x080021bc   Data          20  usb_desc.o(.constdata)
    CustomHID_StringProduct                  0x080021d0   Data          24  usb_desc.o(.constdata)
    Region$$Table$$Base                      0x08002270   Number         0  anon$$obj.o(Region$$Table)
    Region$$Table$$Limit                     0x08002290   Number         0  anon$$obj.o(Region$$Table)
    UART1_p                                  0x20000000   Data           4  bsp_usart.o(.data)
    U1_SendCom                               0x20000004   Data           1  bsp_usart.o(.data)
    UART1_len                                0x20000006   Data           2  bsp_usart.o(.data)
    U1_haved                                 0x20000008   Data           2  bsp_usart.o(.data)
    HSEStartUpStatus                         0x2000000a   Data           1  hw_config.o(.data)
    CustomHID_StringSerial                   0x2000000b   Data          26  usb_desc.o(.data)
    USB_Received_Flag                        0x20000025   Data           1  usb_endp.o(.data)
    wIstr                                    0x20000028   Data           2  usb_istr.o(.data)
    bIntPackSOF                              0x2000002a   Data           1  usb_istr.o(.data)
    pEpInt_IN                                0x2000002c   Data          28  usb_istr.o(.data)
    pEpInt_OUT                               0x20000048   Data          28  usb_istr.o(.data)
    ProtocolValue                            0x20000064   Data           4  usb_prop.o(.data)
    Device_Table                             0x20000068   Data           2  usb_prop.o(.data)
    Device_Property                          0x2000006c   Data          48  usb_prop.o(.data)
    User_Standard_Requests                   0x2000009c   Data          36  usb_prop.o(.data)
    Device_Descriptor                        0x200000c0   Data           8  usb_prop.o(.data)
    Config_Descriptor                        0x200000c8   Data           8  usb_prop.o(.data)
    CustomHID_Report_Descriptor              0x200000d0   Data           8  usb_prop.o(.data)
    CustomHID_Descriptor                     0x200000d8   Data           8  usb_prop.o(.data)
    String_Descriptor                        0x200000e0   Data          32  usb_prop.o(.data)
    bDeviceState                             0x20000100   Data           4  usb_pwr.o(.data)
    fSuspendEnabled                          0x20000104   Data           1  usb_pwr.o(.data)
    ResumeS                                  0x20000105   Data           2  usb_pwr.o(.data)
    StatusInfo                               0x20000108   Data           2  usb_core.o(.data)
    Data_Mul_MaxPacketSize                   0x2000010a   Data           1  usb_core.o(.data)
    EPindex                                  0x2000010c   Data           1  usb_init.o(.data)
    pInformation                             0x20000110   Data           4  usb_init.o(.data)
    pProperty                                0x20000114   Data           4  usb_init.o(.data)
    SaveState                                0x20000118   Data           2  usb_init.o(.data)
    wInterrupt_Mask                          0x2000011a   Data           2  usb_init.o(.data)
    pUser_Standard_Requests                  0x2000011c   Data           4  usb_init.o(.data)
    SaveRState                               0x20000120   Data           2  usb_int.o(.data)
    SaveTState                               0x20000122   Data           2  usb_int.o(.data)
    USB_Receive_Buffer                       0x20000124   Data          64  usb_endp.o(.bss)
    USB_Send_Buffer                          0x20000164   Data          64  usb_endp.o(.bss)
    Device_Info                              0x200001a4   Data          28  usb_init.o(.bss)
    __initial_sp                             0x200005c0   Data           0  startup_stm32f10x_hd.o(STACK)



==============================================================================

Memory Map of the image

  Image Entry point : 0x08000131

  Load Region LR_IROM1 (Base: 0x08000000, Size: 0x000023b4, Max: 0x00080000, ABSOLUTE)

    Execution Region ER_IROM1 (Base: 0x08000000, Size: 0x00002290, Max: 0x00080000, ABSOLUTE)

    Base Addr    Size         Type   Attr      Idx    E Section Name        Object

    0x08000000   0x00000130   Data   RO            3    RESET               startup_stm32f10x_hd.o
    0x08000130   0x00000000   Code   RO         3147  * .ARM.Collect$$$$00000000  mc_w.l(entry.o)
    0x08000130   0x00000004   Code   RO         3410    .ARM.Collect$$$$00000001  mc_w.l(entry2.o)
    0x08000134   0x00000004   Code   RO         3413    .ARM.Collect$$$$00000004  mc_w.l(entry5.o)
    0x08000138   0x00000000   Code   RO         3415    .ARM.Collect$$$$00000008  mc_w.l(entry7b.o)
    0x08000138   0x00000000   Code   RO         3417    .ARM.Collect$$$$0000000A  mc_w.l(entry8b.o)
    0x08000138   0x00000008   Code   RO         3418    .ARM.Collect$$$$0000000B  mc_w.l(entry9a.o)
    0x08000140   0x00000000   Code   RO         3420    .ARM.Collect$$$$0000000D  mc_w.l(entry10a.o)
    0x08000140   0x00000000   Code   RO         3422    .ARM.Collect$$$$0000000F  mc_w.l(entry11a.o)
    0x08000140   0x00000004   Code   RO         3411    .ARM.Collect$$$$00002712  mc_w.l(entry2.o)
    0x08000144   0x00000024   Code   RO            4    .text               startup_stm32f10x_hd.o
    0x08000168   0x00000024   Code   RO         3440    .text               mc_w.l(init.o)
    0x0800018c   0x0000002c   Code   RO          294    i.BSP_KEY_Init      bsp_key.o
    0x080001b8   0x0000002c   Code   RO          314    i.BSP_LED_Init      bsp_led.o
    0x080001e4   0x00000004   Code   RO          189    i.BusFault_Handler  stm32f10x_it.o
    0x080001e8   0x0000000c   Code   RO         2749    i.ByteSwap          usb_regs.o
    0x080001f4   0x00000288   Code   RO         2686    i.CTR_LP            usb_int.o
    0x0800047c   0x00000034   Code   RO         2750    i.ClearDTOG_RX      usb_regs.o
    0x080004b0   0x00000034   Code   RO         2751    i.ClearDTOG_TX      usb_regs.o
    0x080004e4   0x00000028   Code   RO         2756    i.Clear_Status_Out  usb_regs.o
    0x0800050c   0x0000007c   Code   RO         2344    i.CustomHID_Data_Setup  usb_prop.o
    0x08000588   0x00000014   Code   RO         2345    i.CustomHID_GetConfigDescriptor  usb_prop.o
    0x0800059c   0x00000014   Code   RO         2346    i.CustomHID_GetDeviceDescriptor  usb_prop.o
    0x080005b0   0x00000014   Code   RO         2347    i.CustomHID_GetHIDDescriptor  usb_prop.o
    0x080005c4   0x0000001c   Code   RO         2348    i.CustomHID_GetProtocolValue  usb_prop.o
    0x080005e0   0x00000014   Code   RO         2349    i.CustomHID_GetReportDescriptor  usb_prop.o
    0x080005f4   0x00000028   Code   RO         2350    i.CustomHID_GetStringDescriptor  usb_prop.o
    0x0800061c   0x00000016   Code   RO         2351    i.CustomHID_Get_Interface_Setting  usb_prop.o
    0x08000632   0x00000002   PAD
    0x08000634   0x00000024   Code   RO         2352    i.CustomHID_NoData_Setup  usb_prop.o
    0x08000658   0x000000c8   Code   RO         2353    i.CustomHID_Reset   usb_prop.o
    0x08000720   0x00000018   Code   RO         2354    i.CustomHID_SetConfiguration  usb_prop.o
    0x08000738   0x0000000c   Code   RO         2355    i.CustomHID_SetDeviceAddress  usb_prop.o
    0x08000744   0x00000018   Code   RO         2356    i.CustomHID_SetProtocol  usb_prop.o
    0x0800075c   0x00000002   Code   RO         2357    i.CustomHID_Status_In  usb_prop.o
    0x0800075e   0x00000002   Code   RO         2358    i.CustomHID_Status_Out  usb_prop.o
    0x08000760   0x00000028   Code   RO         2359    i.CustomHID_init    usb_prop.o
    0x08000788   0x000000c0   Code   RO         2527    i.DataStageIn       usb_core.o
    0x08000848   0x000000bc   Code   RO         2528    i.DataStageOut      usb_core.o
    0x08000904   0x00000298   Code   RO         2529    i.Data_Setup0       usb_core.o
    0x08000b9c   0x00000002   Code   RO          190    i.DebugMon_Handler  stm32f10x_it.o
    0x08000b9e   0x00000002   Code   RO         2279    i.EP1_IN_Callback   usb_endp.o
    0x08000ba0   0x00000028   Code   RO         2280    i.EP1_OUT_Callback  usb_endp.o
    0x08000bc8   0x00000002   Code   RO         2281    i.EP2_IN_Callback   usb_endp.o
    0x08000bca   0x00000002   Code   RO         2181    i.Enter_LowPowerMode  hw_config.o
    0x08000bcc   0x0000001c   Code   RO          457    i.FLASH_PrefetchBufferCmd  stm32f10x_flash.o
    0x08000be8   0x00000018   Code   RO          462    i.FLASH_SetLatency  stm32f10x_flash.o
    0x08000c00   0x00000002   Code   RO         2182    i.GPIO_AINConfig    hw_config.o
    0x08000c02   0x00000116   Code   RO          628    i.GPIO_Init         stm32f10x_gpio.o
    0x08000d18   0x00000004   Code   RO          635    i.GPIO_ResetBits    stm32f10x_gpio.o
    0x08000d1c   0x00000004   Code   RO          636    i.GPIO_SetBits      stm32f10x_gpio.o
    0x08000d20   0x00000020   Code   RO         2768    i.GetEPRxAddr       usb_regs.o
    0x08000d40   0x00000020   Code   RO         2771    i.GetEPTxAddr       usb_regs.o
    0x08000d60   0x00000034   Code   RO         2183    i.Get_SerialNum     hw_config.o
    0x08000d94   0x00000004   Code   RO          191    i.HardFault_Handler  stm32f10x_it.o
    0x08000d98   0x00000070   Code   RO         2530    i.In0_Process       usb_core.o
    0x08000e08   0x0000003e   Code   RO         2184    i.IntToUnicode      hw_config.o
    0x08000e46   0x00000002   Code   RO         2185    i.Leave_LowPowerMode  hw_config.o
    0x08000e48   0x00000004   Code   RO          192    i.MemManage_Handler  stm32f10x_it.o
    0x08000e4c   0x00000002   Code   RO          193    i.NMI_Handler       stm32f10x_it.o
    0x08000e4e   0x00000002   Code   RO         2531    i.NOP_Process       usb_core.o
    0x08000e50   0x00000070   Code   RO          334    i.NVIC_Init         misc.o
    0x08000ec0   0x00000014   Code   RO          335    i.NVIC_PriorityGroupConfig  misc.o
    0x08000ed4   0x00000138   Code   RO         2532    i.NoData_Setup0     usb_core.o
    0x0800100c   0x00000050   Code   RO         2533    i.Out0_Process      usb_core.o
    0x0800105c   0x00000028   Code   RO         2723    i.PMAToUserBufferCopy  usb_mem.o
    0x08001084   0x00000002   Code   RO          195    i.PendSV_Handler    stm32f10x_it.o
    0x08001086   0x00000002   PAD
    0x08001088   0x00000048   Code   RO         2534    i.Post0_Process     usb_core.o
    0x080010d0   0x00000040   Code   RO         2466    i.PowerOn           usb_pwr.o
    0x08001110   0x00000020   Code   RO          814    i.RCC_APB1PeriphClockCmd  stm32f10x_rcc.o
    0x08001130   0x00000020   Code   RO          816    i.RCC_APB2PeriphClockCmd  stm32f10x_rcc.o
    0x08001150   0x0000004c   Code   RO          823    i.RCC_DeInit        stm32f10x_rcc.o
    0x0800119c   0x0000003c   Code   RO          825    i.RCC_GetFlagStatus  stm32f10x_rcc.o
    0x080011d8   0x00000010   Code   RO          827    i.RCC_GetSYSCLKSource  stm32f10x_rcc.o
    0x080011e8   0x00000018   Code   RO          828    i.RCC_HCLKConfig    stm32f10x_rcc.o
    0x08001200   0x0000004c   Code   RO          829    i.RCC_HSEConfig     stm32f10x_rcc.o
    0x0800124c   0x00000018   Code   RO          835    i.RCC_PCLK1Config   stm32f10x_rcc.o
    0x08001264   0x00000018   Code   RO          836    i.RCC_PCLK2Config   stm32f10x_rcc.o
    0x0800127c   0x0000000c   Code   RO          837    i.RCC_PLLCmd        stm32f10x_rcc.o
    0x08001288   0x0000001c   Code   RO          838    i.RCC_PLLConfig     stm32f10x_rcc.o
    0x080012a4   0x00000018   Code   RO          841    i.RCC_SYSCLKConfig  stm32f10x_rcc.o
    0x080012bc   0x0000000c   Code   RO          842    i.RCC_USBCLKConfig  stm32f10x_rcc.o
    0x080012c8   0x00000038   Code   RO          843    i.RCC_WaitForHSEStartUp  stm32f10x_rcc.o
    0x08001300   0x00000002   Code   RO          196    i.RTC_IRQHandler    stm32f10x_it.o
    0x08001302   0x00000002   PAD
    0x08001304   0x000000b0   Code   RO         2467    i.Resume            usb_pwr.o
    0x080013b4   0x00000024   Code   RO         2468    i.Resume_Init       usb_pwr.o
    0x080013d8   0x00000002   Code   RO          197    i.SVC_Handler       stm32f10x_it.o
    0x080013da   0x00000002   PAD
    0x080013dc   0x00000010   Code   RO         2779    i.SetBTABLE         usb_regs.o
    0x080013ec   0x00000050   Code   RO         2535    i.SetDeviceAddress  usb_core.o
    0x0800143c   0x00000024   Code   RO         2793    i.SetEPRxAddr       usb_regs.o
    0x08001460   0x0000004c   Code   RO         2794    i.SetEPRxCount      usb_regs.o
    0x080014ac   0x00000040   Code   RO         2795    i.SetEPRxStatus     usb_regs.o
    0x080014ec   0x00000034   Code   RO         2796    i.SetEPRxValid      usb_regs.o
    0x08001520   0x00000020   Code   RO         2797    i.SetEPTxAddr       usb_regs.o
    0x08001540   0x0000001c   Code   RO         2798    i.SetEPTxCount      usb_regs.o
    0x0800155c   0x00000040   Code   RO         2799    i.SetEPTxStatus     usb_regs.o
    0x0800159c   0x00000034   Code   RO         2800    i.SetEPTxValid      usb_regs.o
    0x080015d0   0x00000024   Code   RO         2801    i.SetEPType         usb_regs.o
    0x080015f4   0x00000008   Code   RO         2024    i.SetSysClock       system_stm32f10x.o
    0x080015fc   0x000000e0   Code   RO         2025    i.SetSysClockTo72   system_stm32f10x.o
    0x080016dc   0x0000008c   Code   RO         2186    i.Set_System        hw_config.o
    0x08001768   0x00000012   Code   RO         2187    i.Set_USBClock      hw_config.o
    0x0800177a   0x00000002   PAD
    0x0800177c   0x000000b8   Code   RO         2536    i.Setup0_Process    usb_core.o
    0x08001834   0x0000016c   Code   RO         2537    i.Standard_ClearFeature  usb_core.o
    0x080019a0   0x0000002c   Code   RO         2538    i.Standard_GetConfiguration  usb_core.o
    0x080019cc   0x00000024   Code   RO         2539    i.Standard_GetDescriptorData  usb_core.o
    0x080019f0   0x0000002c   Code   RO         2540    i.Standard_GetInterface  usb_core.o
    0x08001a1c   0x00000100   Code   RO         2541    i.Standard_GetStatus  usb_core.o
    0x08001b1c   0x00000048   Code   RO         2542    i.Standard_SetConfiguration  usb_core.o
    0x08001b64   0x00000028   Code   RO         2543    i.Standard_SetDeviceFeature  usb_core.o
    0x08001b8c   0x000000d0   Code   RO         2544    i.Standard_SetEndPointFeature  usb_core.o
    0x08001c5c   0x0000006c   Code   RO         2545    i.Standard_SetInterface  usb_core.o
    0x08001cc8   0x00000028   Code   RO         2469    i.Suspend           usb_pwr.o
    0x08001cf0   0x0000000a   Code   RO          198    i.SysTick_Handler   stm32f10x_it.o
    0x08001cfa   0x00000002   PAD
    0x08001cfc   0x00000060   Code   RO         2027    i.SystemInit        system_stm32f10x.o
    0x08001d5c   0x0000005c   Code   RO         2086    i.USART1_IRQHandler  bsp_usart.o
    0x08001db8   0x00000002   Code   RO          199    i.USART3_IRQHandler  stm32f10x_it.o
    0x08001dba   0x0000001e   Code   RO         1827    i.USART_ClearITPendingBit  stm32f10x_usart.o
    0x08001dd8   0x00000054   Code   RO         1834    i.USART_GetITStatus  stm32f10x_usart.o
    0x08001e2c   0x00000024   Code   RO         2188    i.USB_Cable_Config  hw_config.o
    0x08001e50   0x00000024   Code   RO         2144    i.USB_GetData       usbio.o
    0x08001e74   0x0000003c   Code   RO         2654    i.USB_Init          usb_init.o
    0x08001eb0   0x0000002a   Code   RO         2189    i.USB_Interrupts_Config  hw_config.o
    0x08001eda   0x00000002   PAD
    0x08001edc   0x000000f8   Code   RO         2315    i.USB_Istr          usb_istr.o
    0x08001fd4   0x00000008   Code   RO          200    i.USB_LP_CAN1_RX0_IRQHandler  stm32f10x_it.o
    0x08001fdc   0x00000024   Code   RO         3117    i.USB_SIL_Init      usb_sil.o
    0x08002000   0x00000024   Code   RO         2145    i.USB_SendData      usbio.o
    0x08002024   0x00000004   Code   RO          201    i.UsageFault_Handler  stm32f10x_it.o
    0x08002028   0x00000038   Code   RO         2724    i.UserToPMABufferCopy  usb_mem.o
    0x08002060   0x00000024   Code   RO         3153    i.__0sprintf$bare   mc_w.l(printfb.o)
    0x08002084   0x0000000e   Code   RO         3452    i.__scatterload_copy  mc_w.l(handlers.o)
    0x08002092   0x00000002   Code   RO         3453    i.__scatterload_null  mc_w.l(handlers.o)
    0x08002094   0x0000000e   Code   RO         3454    i.__scatterload_zeroinit  mc_w.l(handlers.o)
    0x080020a2   0x00000022   Code   RO         3158    i._printf_core      mc_w.l(printfb.o)
    0x080020c4   0x0000000a   Code   RO         3160    i._sputc            mc_w.l(printfb.o)
    0x080020ce   0x00000002   PAD
    0x080020d0   0x0000008c   Code   RO           12    i.main              main.o
    0x0800215c   0x0000008c   Data   RO         2258    .constdata          usb_desc.o
    0x080021e8   0x00000085   Data   RO           13    .conststring        main.o
    0x0800226d   0x00000003   PAD
    0x08002270   0x00000020   Data   RO         3450    Region$$Table       anon$$obj.o


    Execution Region RW_IRAM1 (Base: 0x20000000, Size: 0x000005c0, Max: 0x00010000, ABSOLUTE)

    Base Addr    Size         Type   Attr      Idx    E Section Name        Object

    0x20000000   0x0000000a   Data   RW         2092    .data               bsp_usart.o
    0x2000000a   0x00000001   Data   RW         2190    .data               hw_config.o
    0x2000000b   0x0000001a   Data   RW         2259    .data               usb_desc.o
    0x20000025   0x00000001   Data   RW         2283    .data               usb_endp.o
    0x20000026   0x00000002   PAD
    0x20000028   0x0000003c   Data   RW         2316    .data               usb_istr.o
    0x20000064   0x0000009c   Data   RW         2360    .data               usb_prop.o
    0x20000100   0x00000007   Data   RW         2470    .data               usb_pwr.o
    0x20000107   0x00000001   PAD
    0x20000108   0x00000003   Data   RW         2546    .data               usb_core.o
    0x2000010b   0x00000001   PAD
    0x2000010c   0x00000014   Data   RW         2656    .data               usb_init.o
    0x20000120   0x00000004   Data   RW         2687    .data               usb_int.o
    0x20000124   0x00000080   Zero   RW         2282    .bss                usb_endp.o
    0x200001a4   0x0000001c   Zero   RW         2655    .bss                usb_init.o
    0x200001c0   0x00000400   Zero   RW            1    STACK               startup_stm32f10x_hd.o


==============================================================================

Image component sizes


      Code (inc. data)   RO Data    RW Data    ZI Data      Debug   Object Name

        44          6          0          0          0        475   bsp_key.o
        44          6          0          0          0        475   bsp_led.o
        92         22          0         10          0       1076   bsp_usart.o
       356         20          0          1          0       5089   hw_config.o
       140         18        133          0          0     236119   main.o
       132         22          0          0          0       1579   misc.o
        36          8        304          0       1024        904   startup_stm32f10x_hd.o
        52         12          0          0          0       1121   stm32f10x_flash.o
       286          0          0          0          0       3088   stm32f10x_gpio.o
        46          0          0          0          0       5352   stm32f10x_it.o
       496         78          0          0          0      10213   stm32f10x_rcc.o
       114          0          0          0          0       2866   stm32f10x_usart.o
       328         28          0          0          0       2117   system_stm32f10x.o
      3058        288          0          3          0      14531   usb_core.o
         0          0        140         26          0       1040   usb_desc.o
        44         10          0          1        128       2082   usb_endp.o
        60         24          0         20         28       4110   usb_init.o
       648         32          0          4          0       1744   usb_int.o
       248         26          0         60          0       1276   usb_istr.o
        96         10          0          0          0       1784   usb_mem.o
       634        112          0        156          0      12153   usb_prop.o
       316         38          0          7          0       3366   usb_pwr.o
       676         90          0          0          0       9300   usb_regs.o
        36          8          0          0          0        491   usb_sil.o
        72          4          0          0          0       1594   usbio.o

    ----------------------------------------------------------------------
      8068        862        612        292       1180     323945   Object Totals
         0          0         32          0          0          0   (incl. Generated)
        14          0          3          4          0          0   (incl. Padding)

    ----------------------------------------------------------------------

      Code (inc. data)   RO Data    RW Data    ZI Data      Debug   Library Member Name

         0          0          0          0          0          0   entry.o
         0          0          0          0          0          0   entry10a.o
         0          0          0          0          0          0   entry11a.o
         8          4          0          0          0          0   entry2.o
         4          0          0          0          0          0   entry5.o
         0          0          0          0          0          0   entry7b.o
         0          0          0          0          0          0   entry8b.o
         8          4          0          0          0          0   entry9a.o
        30          0          0          0          0          0   handlers.o
        36          8          0          0          0         68   init.o
        80          4          0          0          0        236   printfb.o

    ----------------------------------------------------------------------
       168         20          0          0          0        304   Library Totals
         2          0          0          0          0          0   (incl. Padding)

    ----------------------------------------------------------------------

      Code (inc. data)   RO Data    RW Data    ZI Data      Debug   Library Name

       166         20          0          0          0        304   mc_w.l

    ----------------------------------------------------------------------
       168         20          0          0          0        304   Library Totals

    ----------------------------------------------------------------------

==============================================================================


      Code (inc. data)   RO Data    RW Data    ZI Data      Debug   

      8236        882        612        292       1180     318421   Grand Totals
      8236        882        612        292       1180     318421   ELF Image Totals
      8236        882        612        292          0          0   ROM Totals

==============================================================================

    Total RO  Size (Code + RO Data)                 8848 (   8.64kB)
    Total RW  Size (RW Data + ZI Data)              1472 (   1.44kB)
    Total ROM Size (Code + RO Data + RW Data)       9140 (   8.93kB)

==============================================================================

